Using existing task list: /data/chenpengxu/FastWAM/experiments/libero/task_lists/jepa_guidance_probe_2169_2211.txt

Starting persistent LIBERO worker pool...
task: libero_uncond_2cam224_1e-4
checkpoint: /data/chenpengxu/FastWAM/checkpoints/fastwam_release/libero_uncond_2cam224.pt
GPUs: 3
trials per task: 1
task list: /data/chenpengxu/FastWAM/evaluate_results/jepa_guidance_last_steps_sweep_20260915_step_interval_2_4_6_8_10/baseline_k1/seed_37/jepa_guidance_probe_2169_2211.txt
output: /data/chenpengxu/FastWAM/evaluate_results/jepa_guidance_last_steps_sweep_20260915_step_interval_2_4_6_8_10/baseline_k1/seed_37
forwarded overrides: seed=37 EVALUATION.dataset_stats_path=/data/chenpengxu/FastWAM/checkpoints/fastwam_release/libero_uncond_2cam224_dataset_stats.json EVALUATION.sigma_shift=5.0 EVALUATION.replan_steps=8 EVALUATION.visualize_future_video=true EVALUATION.offload_text_encoder=true EVALUATION.timing_enabled=true EVALUATION.vjepa2_ac.enabled=false EVALUATION.vjepa2_ac.candidate_generation_mode=separate EVALUATION.vjepa2_ac.guidance.enabled=false EVALUATION.vjepa2_ac.guidance.last_flow_steps=0 EVALUATION.vjepa2_ac.guidance.step_size=0.02 EVALUATION.vjepa2_ac.guidance.ac_steps=1 EVALUATION.vjepa2_ac.guidance.verify_descent=true
recovery: quarantine a crashed GPU and requeue its unfinished task
started worker GPU3: /data/chenpengxu/FastWAM/evaluate_results/jepa_guidance_last_steps_sweep_20260915_step_interval_2_4_6_8_10/baseline_k1/seed_37/.worker_pool/logs/worker_3.log
[2026-09-15 17:17:43] completed=0/2 pending=2 active_workers=1
[2026-09-15 17:18:43] completed=0/2 pending=2 active_workers=1
[2026-09-15 17:19:43] completed=0/2 pending=1 active_workers=1
[2026-09-15 17:20:43] completed=0/2 pending=1 active_workers=1
[2026-09-15 17:21:43] completed=1/2 pending=0 active_workers=1
[2026-09-15 17:22:43] completed=2/2 pending=0 active_workers=0
All workers exited; generating summary...

=== Evaluation Results Summary ===

Statistics for each task suite:

libero_object:
- Tasks completed: 2
- Total attempts: 2
- Successful attempts: 0
- Success rate: 0.00%
- Total time: 02m57s
- Average time per task: 01m29s
- Longest task time: 01m52s
- Average future-video PSNR: 23.9153 dB

Overall statistics:
- Average success rate: 0.00%
- Total time: 02m57s
- Average time per task: 01m29s
- Longest task time: 01m52s
- Average future-video PSNR: 23.9153 dB

=== Run Information ===
Run ID: seed_37
Results directory: /data/chenpengxu/FastWAM/evaluate_results/jepa_guidance_last_steps_sweep_20260915_step_interval_2_4_6_8_10/baseline_k1/seed_37
Summary file: /data/chenpengxu/FastWAM/evaluate_results/jepa_guidance_last_steps_sweep_20260915_step_interval_2_4_6_8_10/baseline_k1/seed_37/summary.json
Summary CSV: /data/chenpengxu/FastWAM/evaluate_results/jepa_guidance_last_steps_sweep_20260915_step_interval_2_4_6_8_10/baseline_k1/seed_37/summary.csv
Task success rates CSV: /data/chenpengxu/FastWAM/evaluate_results/jepa_guidance_last_steps_sweep_20260915_step_interval_2_4_6_8_10/baseline_k1/seed_37/task_success_rates.csv

=== Task Success Rates ===
              Task                                                          Description Success Rate (%) Future Video PSNR (dB)
libero_object_2169 pick up the salad dressing and place it in the basket level5 sample1             0.00                23.4701
libero_object_2211   pick up the tomato sauce and place it in the basket level3 sample1             0.00                24.3604

=== Results Table ===
libero_object Overall
         0.00    0.00
        88.59   88.59
       111.82  111.82
      23.9153 23.9153
