Using existing task list: /data/chenpengxu/FastWAM/experiments/libero/task_lists/jepa_guidance_probe_2169_2211.txt

Starting persistent LIBERO worker pool...
task: libero_uncond_2cam224_1e-4
checkpoint: /data/chenpengxu/FastWAM/checkpoints/fastwam_release/libero_uncond_2cam224.pt
GPUs: 1
trials per task: 1
task list: /data/chenpengxu/FastWAM/evaluate_results/jepa_guidance_last_steps_sweep_20260915_step_interval_2_4_6_8_10/last_4/seed_17/jepa_guidance_probe_2169_2211.txt
output: /data/chenpengxu/FastWAM/evaluate_results/jepa_guidance_last_steps_sweep_20260915_step_interval_2_4_6_8_10/last_4/seed_17
forwarded overrides: seed=17 EVALUATION.dataset_stats_path=/data/chenpengxu/FastWAM/checkpoints/fastwam_release/libero_uncond_2cam224_dataset_stats.json EVALUATION.sigma_shift=5.0 EVALUATION.replan_steps=8 EVALUATION.visualize_future_video=true EVALUATION.offload_text_encoder=true EVALUATION.timing_enabled=true EVALUATION.vjepa2_ac.enabled=true EVALUATION.vjepa2_ac.candidate_generation_mode=separate EVALUATION.vjepa2_ac.guidance.enabled=true EVALUATION.vjepa2_ac.guidance.last_flow_steps=4 EVALUATION.vjepa2_ac.guidance.step_size=0.02 EVALUATION.vjepa2_ac.guidance.ac_steps=1 EVALUATION.vjepa2_ac.guidance.verify_descent=true
recovery: quarantine a crashed GPU and requeue its unfinished task
started worker GPU1: /data/chenpengxu/FastWAM/evaluate_results/jepa_guidance_last_steps_sweep_20260915_step_interval_2_4_6_8_10/last_4/seed_17/.worker_pool/logs/worker_1.log
[2026-09-15 17:33:46] completed=0/2 pending=2 active_workers=1
[2026-09-15 17:34:46] completed=0/2 pending=2 active_workers=1
[2026-09-15 17:35:46] completed=0/2 pending=2 active_workers=1
[2026-09-15 17:36:46] completed=0/2 pending=1 active_workers=1
[2026-09-15 17:37:46] completed=0/2 pending=1 active_workers=1
[2026-09-15 17:38:46] completed=0/2 pending=1 active_workers=1
[2026-09-15 17:39:46] completed=0/2 pending=1 active_workers=1
[2026-09-15 17:40:46] completed=1/2 pending=0 active_workers=1
[2026-09-15 17:41:46] completed=1/2 pending=0 active_workers=1
All workers exited; generating summary...

=== Evaluation Results Summary ===

Statistics for each task suite:

libero_object:
- Tasks completed: 2
- Total attempts: 2
- Successful attempts: 1
- Success rate: 50.00%
- Total time: 06m20s
- Average time per task: 03m10s
- Longest task time: 04m26s
- Average future-video PSNR: 24.4688 dB

Overall statistics:
- Average success rate: 50.00%
- Total time: 06m20s
- Average time per task: 03m10s
- Longest task time: 04m26s
- Average future-video PSNR: 24.4688 dB

=== Run Information ===
Run ID: seed_17
Results directory: /data/chenpengxu/FastWAM/evaluate_results/jepa_guidance_last_steps_sweep_20260915_step_interval_2_4_6_8_10/last_4/seed_17
Summary file: /data/chenpengxu/FastWAM/evaluate_results/jepa_guidance_last_steps_sweep_20260915_step_interval_2_4_6_8_10/last_4/seed_17/summary.json
Summary CSV: /data/chenpengxu/FastWAM/evaluate_results/jepa_guidance_last_steps_sweep_20260915_step_interval_2_4_6_8_10/last_4/seed_17/summary.csv
Task success rates CSV: /data/chenpengxu/FastWAM/evaluate_results/jepa_guidance_last_steps_sweep_20260915_step_interval_2_4_6_8_10/last_4/seed_17/task_success_rates.csv

=== Task Success Rates ===
              Task                                                          Description Success Rate (%) Future Video PSNR (dB)
libero_object_2169 pick up the salad dressing and place it in the basket level5 sample1             0.00                23.8818
libero_object_2211   pick up the tomato sauce and place it in the basket level3 sample1           100.00                25.0558

=== Results Table ===
libero_object Overall
        50.00   50.00
       190.18  190.18
       265.88  265.88
      24.4688 24.4688
