Using existing task list: /data/chenpengxu/FastWAM/experiments/libero/task_lists/jepa_guidance_probe_2169_2211.txt

Starting persistent LIBERO worker pool...
task: libero_uncond_2cam224_1e-4
checkpoint: /data/chenpengxu/FastWAM/checkpoints/fastwam_release/libero_uncond_2cam224.pt
GPUs: 2
trials per task: 1
task list: /data/chenpengxu/FastWAM/evaluate_results/jepa_guidance_last_steps_sweep_20260915_step_interval_2_4_6_8_10/last_2/seed_27/jepa_guidance_probe_2169_2211.txt
output: /data/chenpengxu/FastWAM/evaluate_results/jepa_guidance_last_steps_sweep_20260915_step_interval_2_4_6_8_10/last_2/seed_27
forwarded overrides: seed=27 EVALUATION.dataset_stats_path=/data/chenpengxu/FastWAM/checkpoints/fastwam_release/libero_uncond_2cam224_dataset_stats.json EVALUATION.sigma_shift=5.0 EVALUATION.replan_steps=8 EVALUATION.visualize_future_video=true EVALUATION.offload_text_encoder=true EVALUATION.timing_enabled=true EVALUATION.vjepa2_ac.enabled=true EVALUATION.vjepa2_ac.candidate_generation_mode=separate EVALUATION.vjepa2_ac.guidance.enabled=true EVALUATION.vjepa2_ac.guidance.last_flow_steps=2 EVALUATION.vjepa2_ac.guidance.step_size=0.02 EVALUATION.vjepa2_ac.guidance.ac_steps=1 EVALUATION.vjepa2_ac.guidance.verify_descent=true
recovery: quarantine a crashed GPU and requeue its unfinished task
started worker GPU2: /data/chenpengxu/FastWAM/evaluate_results/jepa_guidance_last_steps_sweep_20260915_step_interval_2_4_6_8_10/last_2/seed_27/.worker_pool/logs/worker_2.log
[2026-09-15 17:24:39] completed=0/2 pending=2 active_workers=1
[2026-09-15 17:25:39] completed=0/2 pending=2 active_workers=1
[2026-09-15 17:26:39] completed=0/2 pending=2 active_workers=1
[2026-09-15 17:27:39] completed=0/2 pending=1 active_workers=1
[2026-09-15 17:28:39] completed=0/2 pending=1 active_workers=1
[2026-09-15 17:29:39] completed=0/2 pending=1 active_workers=1
[2026-09-15 17:30:39] completed=1/2 pending=0 active_workers=1
[2026-09-15 17:31:39] completed=1/2 pending=0 active_workers=1
All workers exited; generating summary...

=== Evaluation Results Summary ===

Statistics for each task suite:

libero_object:
- Tasks completed: 2
- Total attempts: 2
- Successful attempts: 2
- Success rate: 100.00%
- Total time: 05m05s
- Average time per task: 02m33s
- Longest task time: 03m24s
- Average future-video PSNR: 24.4501 dB

Overall statistics:
- Average success rate: 100.00%
- Total time: 05m05s
- Average time per task: 02m33s
- Longest task time: 03m24s
- Average future-video PSNR: 24.4501 dB

=== Run Information ===
Run ID: seed_27
Results directory: /data/chenpengxu/FastWAM/evaluate_results/jepa_guidance_last_steps_sweep_20260915_step_interval_2_4_6_8_10/last_2/seed_27
Summary file: /data/chenpengxu/FastWAM/evaluate_results/jepa_guidance_last_steps_sweep_20260915_step_interval_2_4_6_8_10/last_2/seed_27/summary.json
Summary CSV: /data/chenpengxu/FastWAM/evaluate_results/jepa_guidance_last_steps_sweep_20260915_step_interval_2_4_6_8_10/last_2/seed_27/summary.csv
Task success rates CSV: /data/chenpengxu/FastWAM/evaluate_results/jepa_guidance_last_steps_sweep_20260915_step_interval_2_4_6_8_10/last_2/seed_27/task_success_rates.csv

=== Task Success Rates ===
              Task                                                          Description Success Rate (%) Future Video PSNR (dB)
libero_object_2169 pick up the salad dressing and place it in the basket level5 sample1           100.00                23.8922
libero_object_2211   pick up the tomato sauce and place it in the basket level3 sample1           100.00                25.0079

=== Results Table ===
libero_object Overall
       100.00  100.00
       152.73  152.73
       203.67  203.67
      24.4501 24.4501
