Using existing task list: /data/chenpengxu/FastWAM/experiments/libero/task_lists/libero_plus_long_36_three_perturbations_two_variants.txt

Starting persistent LIBERO worker pool...
task: libero_uncond_2cam224_1e-4
checkpoint: /data/chenpengxu/FastWAM/checkpoints/fastwam_release/libero_uncond_2cam224.pt
GPUs: 1
trials per task: 1
task list: /data/chenpengxu/FastWAM/evaluate_results/long36_ten_vs_789_20260916_231154_2gpu/ten_guidance_789/seed_37/libero_plus_long_36_three_perturbations_two_variants.txt
output: /data/chenpengxu/FastWAM/evaluate_results/long36_ten_vs_789_20260916_231154_2gpu/ten_guidance_789/seed_37
forwarded overrides: seed=37 EVALUATION.dataset_stats_path=/data/chenpengxu/FastWAM/checkpoints/fastwam_release/libero_uncond_2cam224_dataset_stats.json EVALUATION.sigma_shift=5.0 EVALUATION.num_inference_steps=10 EVALUATION.replan_steps=8 EVALUATION.visualize_future_video=true EVALUATION.offload_text_encoder=true EVALUATION.timing_enabled=true EVALUATION.vjepa2_ac.candidate_generation_mode=separate EVALUATION.vjepa2_ac.replan_steps=8 EVALUATION.vjepa2_ac.enabled=true EVALUATION.vjepa2_ac.guidance.enabled=true EVALUATION.vjepa2_ac.guidance.last_flow_steps=3 EVALUATION.vjepa2_ac.guidance.after_flow_steps=null EVALUATION.vjepa2_ac.guidance.step_size=0.02 EVALUATION.vjepa2_ac.guidance.ac_steps=2 EVALUATION.vjepa2_ac.guidance.verify_descent=false
recovery: quarantine a crashed GPU and requeue its unfinished task
started worker GPU1: /data/chenpengxu/FastWAM/evaluate_results/long36_ten_vs_789_20260916_231154_2gpu/ten_guidance_789/seed_37/.worker_pool/logs/worker_1.log
[2026-09-17 02:39:51] completed=0/36 pending=36 active_workers=1
[2026-09-17 02:40:51] completed=0/36 pending=36 active_workers=1
[2026-09-17 02:41:51] completed=0/36 pending=36 active_workers=1
[2026-09-17 02:42:51] completed=0/36 pending=35 active_workers=1
[2026-09-17 02:43:51] completed=0/36 pending=35 active_workers=1
[2026-09-17 02:44:51] completed=0/36 pending=35 active_workers=1
[2026-09-17 02:45:51] completed=0/36 pending=35 active_workers=1
[2026-09-17 02:46:51] completed=0/36 pending=35 active_workers=1
[2026-09-17 02:47:51] completed=0/36 pending=35 active_workers=1
[2026-09-17 02:48:51] completed=1/36 pending=34 active_workers=1
[2026-09-17 02:49:51] completed=1/36 pending=34 active_workers=1
[2026-09-17 02:50:51] completed=1/36 pending=34 active_workers=1
[2026-09-17 02:51:51] completed=1/36 pending=34 active_workers=1
[2026-09-17 02:52:51] completed=1/36 pending=34 active_workers=1
[2026-09-17 02:53:51] completed=2/36 pending=33 active_workers=1
[2026-09-17 02:54:51] completed=2/36 pending=33 active_workers=1
[2026-09-17 02:55:51] completed=2/36 pending=33 active_workers=1
[2026-09-17 02:56:51] completed=2/36 pending=33 active_workers=1
[2026-09-17 02:57:51] completed=2/36 pending=33 active_workers=1
[2026-09-17 02:58:51] completed=3/36 pending=32 active_workers=1
[2026-09-17 02:59:51] completed=3/36 pending=32 active_workers=1
[2026-09-17 03:00:51] completed=4/36 pending=31 active_workers=1
[2026-09-17 03:01:51] completed=5/36 pending=30 active_workers=1
[2026-09-17 03:02:51] completed=5/36 pending=30 active_workers=1
[2026-09-17 03:03:51] completed=6/36 pending=29 active_workers=1
[2026-09-17 03:04:51] completed=6/36 pending=29 active_workers=1
[2026-09-17 03:05:51] completed=6/36 pending=29 active_workers=1
[2026-09-17 03:06:51] completed=6/36 pending=29 active_workers=1
[2026-09-17 03:07:51] completed=7/36 pending=28 active_workers=1
[2026-09-17 03:08:51] completed=7/36 pending=28 active_workers=1
[2026-09-17 03:09:51] completed=7/36 pending=28 active_workers=1
[2026-09-17 03:10:51] completed=7/36 pending=28 active_workers=1
[2026-09-17 03:11:51] completed=7/36 pending=28 active_workers=1
[2026-09-17 03:12:51] completed=8/36 pending=27 active_workers=1
[2026-09-17 03:13:51] completed=8/36 pending=27 active_workers=1
[2026-09-17 03:14:51] completed=9/36 pending=26 active_workers=1
[2026-09-17 03:15:51] completed=10/36 pending=25 active_workers=1
[2026-09-17 03:16:51] completed=10/36 pending=25 active_workers=1
[2026-09-17 03:17:51] completed=11/36 pending=24 active_workers=1
[2026-09-17 03:18:51] completed=11/36 pending=24 active_workers=1
[2026-09-17 03:19:52] completed=11/36 pending=24 active_workers=1
[2026-09-17 03:20:52] completed=11/36 pending=24 active_workers=1
[2026-09-17 03:21:52] completed=11/36 pending=24 active_workers=1
[2026-09-17 03:22:52] completed=12/36 pending=23 active_workers=1
[2026-09-17 03:23:52] completed=12/36 pending=23 active_workers=1
[2026-09-17 03:24:52] completed=13/36 pending=22 active_workers=1
[2026-09-17 03:25:52] completed=13/36 pending=22 active_workers=1
[2026-09-17 03:26:52] completed=14/36 pending=21 active_workers=1
[2026-09-17 03:27:52] completed=15/36 pending=20 active_workers=1
[2026-09-17 03:28:52] completed=15/36 pending=20 active_workers=1
[2026-09-17 03:29:52] completed=16/36 pending=19 active_workers=1
[2026-09-17 03:30:52] completed=16/36 pending=19 active_workers=1
[2026-09-17 03:31:52] completed=16/36 pending=19 active_workers=1
[2026-09-17 03:32:52] completed=16/36 pending=19 active_workers=1
[2026-09-17 03:33:52] completed=17/36 pending=18 active_workers=1
[2026-09-17 03:34:52] completed=17/36 pending=18 active_workers=1
[2026-09-17 03:35:52] completed=18/36 pending=17 active_workers=1
[2026-09-17 03:36:52] completed=18/36 pending=17 active_workers=1
[2026-09-17 03:37:52] completed=18/36 pending=17 active_workers=1
[2026-09-17 03:38:52] completed=19/36 pending=16 active_workers=1
[2026-09-17 03:39:52] completed=19/36 pending=16 active_workers=1
[2026-09-17 03:40:52] completed=20/36 pending=15 active_workers=1
[2026-09-17 03:41:52] completed=21/36 pending=14 active_workers=1
[2026-09-17 03:42:52] completed=21/36 pending=14 active_workers=1
[2026-09-17 03:43:52] completed=22/36 pending=13 active_workers=1
[2026-09-17 03:44:52] completed=22/36 pending=13 active_workers=1
[2026-09-17 03:45:52] completed=23/36 pending=12 active_workers=1
[2026-09-17 03:46:52] completed=23/36 pending=12 active_workers=1
[2026-09-17 03:47:52] completed=23/36 pending=12 active_workers=1
[2026-09-17 03:48:52] completed=23/36 pending=12 active_workers=1
[2026-09-17 03:49:52] completed=23/36 pending=12 active_workers=1
[2026-09-17 03:50:52] completed=24/36 pending=11 active_workers=1
[2026-09-17 03:51:52] completed=24/36 pending=11 active_workers=1
[2026-09-17 03:52:52] completed=24/36 pending=11 active_workers=1
[2026-09-17 03:53:52] completed=24/36 pending=11 active_workers=1
[2026-09-17 03:54:52] completed=24/36 pending=11 active_workers=1
[2026-09-17 03:55:52] completed=25/36 pending=10 active_workers=1
[2026-09-17 03:56:52] completed=25/36 pending=10 active_workers=1
[2026-09-17 03:57:52] completed=25/36 pending=10 active_workers=1
[2026-09-17 03:58:52] completed=25/36 pending=10 active_workers=1
[2026-09-17 03:59:52] completed=26/36 pending=9 active_workers=1
[2026-09-17 04:00:52] completed=26/36 pending=9 active_workers=1
[2026-09-17 04:01:52] completed=26/36 pending=9 active_workers=1
[2026-09-17 04:02:52] completed=26/36 pending=9 active_workers=1
[2026-09-17 04:03:52] completed=26/36 pending=9 active_workers=1
[2026-09-17 04:04:52] completed=27/36 pending=8 active_workers=1
[2026-09-17 04:05:52] completed=27/36 pending=8 active_workers=1
[2026-09-17 04:06:52] completed=27/36 pending=8 active_workers=1
[2026-09-17 04:07:52] completed=27/36 pending=8 active_workers=1
[2026-09-17 04:08:52] completed=28/36 pending=7 active_workers=1
[2026-09-17 04:09:52] completed=28/36 pending=7 active_workers=1
[2026-09-17 04:10:52] completed=28/36 pending=7 active_workers=1
[2026-09-17 04:11:52] completed=29/36 pending=6 active_workers=1
[2026-09-17 04:12:52] completed=30/36 pending=5 active_workers=1
[2026-09-17 04:13:52] completed=30/36 pending=5 active_workers=1
[2026-09-17 04:14:52] completed=30/36 pending=5 active_workers=1
[2026-09-17 04:15:52] completed=30/36 pending=5 active_workers=1
[2026-09-17 04:16:52] completed=31/36 pending=4 active_workers=1
[2026-09-17 04:17:52] completed=31/36 pending=4 active_workers=1
[2026-09-17 04:18:52] completed=32/36 pending=3 active_workers=1
[2026-09-17 04:19:52] completed=32/36 pending=3 active_workers=1
[2026-09-17 04:20:52] completed=32/36 pending=3 active_workers=1
[2026-09-17 04:21:52] completed=32/36 pending=3 active_workers=1
[2026-09-17 04:22:52] completed=32/36 pending=3 active_workers=1
[2026-09-17 04:23:52] completed=33/36 pending=2 active_workers=1
[2026-09-17 04:24:52] completed=33/36 pending=2 active_workers=1
[2026-09-17 04:25:52] completed=34/36 pending=1 active_workers=1
[2026-09-17 04:26:52] completed=34/36 pending=1 active_workers=1
[2026-09-17 04:27:52] completed=34/36 pending=1 active_workers=1
[2026-09-17 04:28:52] completed=34/36 pending=1 active_workers=1
[2026-09-17 04:29:52] completed=34/36 pending=1 active_workers=1
[2026-09-17 04:30:52] completed=35/36 pending=0 active_workers=1
[2026-09-17 04:31:52] completed=35/36 pending=0 active_workers=1
[2026-09-17 04:32:52] completed=35/36 pending=0 active_workers=1
[2026-09-17 04:33:52] completed=35/36 pending=0 active_workers=1
[2026-09-17 04:34:52] completed=35/36 pending=0 active_workers=1
All workers exited; generating summary...

=== Evaluation Results Summary ===

Statistics for each task suite:

libero_10:
- Tasks completed: 36
- Total attempts: 36
- Successful attempts: 22
- Success rate: 61.11%
- Total time: 01h52m42s
- Average time per task: 03m08s
- Longest task time: 06m02s
- Average future-video PSNR: 26.7763 dB

Overall statistics:
- Average success rate: 61.11%
- Total time: 01h52m42s
- Average time per task: 03m08s
- Longest task time: 06m02s
- Average future-video PSNR: 26.7763 dB

=== Run Information ===
Run ID: seed_37
Results directory: /data/chenpengxu/FastWAM/evaluate_results/long36_ten_vs_789_20260916_231154_2gpu/ten_guidance_789/seed_37
Summary file: /data/chenpengxu/FastWAM/evaluate_results/long36_ten_vs_789_20260916_231154_2gpu/ten_guidance_789/seed_37/summary.json
Summary CSV: /data/chenpengxu/FastWAM/evaluate_results/long36_ten_vs_789_20260916_231154_2gpu/ten_guidance_789/seed_37/summary.csv
Task success rates CSV: /data/chenpengxu/FastWAM/evaluate_results/long36_ten_vs_789_20260916_231154_2gpu/ten_guidance_789/seed_37/task_success_rates.csv

=== Task Success Rates ===
          Task                                                                                                            Description Success Rate (%) Future Video PSNR (dB)
   libero_10_0                                                                   turn on the stove and put the moka pot on it table 1             0.00                25.1727
   libero_10_2                                                                  turn on the stove and put the moka pot on it table 12             0.00                18.2309
  libero_10_33                                            put the black bowl in the bottom drawer of the cabinet and close it table 1             0.00                22.9040
  libero_10_35                                           put the black bowl in the bottom drawer of the cabinet and close it table 12             0.00                30.2522
 libero_10_137                                              put both the alphabet soup and the cream cheese box in the basket table 1           100.00                24.2233
 libero_10_138                                             put both the alphabet soup and the cream cheese box in the basket table 12           100.00                26.3010
 libero_10_145                                                  put both the alphabet soup and the tomato sauce in the basket table 1           100.00                27.9041
 libero_10_147                                                 put both the alphabet soup and the tomato sauce in the basket table 12           100.00                25.3741
 libero_10_158                                                     put both the cream cheese box and the butter in the basket table 1             0.00                25.6218
 libero_10_160                                                    put both the cream cheese box and the butter in the basket table 12           100.00                26.6511
 libero_10_193                        put the white mug on the left plate and put the yellow and white mug on the right plate table 1             0.00                24.9378
 libero_10_195                       put the white mug on the left plate and put the yellow and white mug on the right plate table 12             0.00                27.8179
 libero_10_289                             put both the alphabet soup and the tomato sauce in the basket view 0 0 100 0 0 initstate 1             0.00                24.8262
 libero_10_290                            put both the alphabet soup and the tomato sauce in the basket view 0 0 100 0 0 initstate 11             0.00                24.8184
 libero_10_330                                put both the cream cheese box and the butter in the basket view 0 0 100 0 0 initstate 2           100.00                27.9044
 libero_10_331                               put both the cream cheese box and the butter in the basket view 0 0 100 0 0 initstate 42           100.00                28.0310
 libero_10_365                                              turn on the stove and put the moka pot on it view 0 0 100 0 0 initstate 3             0.00                26.8406
 libero_10_366                                             turn on the stove and put the moka pot on it view 0 0 100 0 0 initstate 13             0.00                25.1874
 libero_10_410                      put the black bowl in the bottom drawer of the cabinet and close it view 0 0 100 0 0 initstate 14             0.00                25.1193
 libero_10_411                      put the black bowl in the bottom drawer of the cabinet and close it view 0 0 100 0 0 initstate 24           100.00                26.0907
 libero_10_457 put the white mug on the left plate and put the yellow and white mug on the right plate view 0 0 100 0 0 initstate 115           100.00                30.7880
 libero_10_458 put the white mug on the left plate and put the yellow and white mug on the right plate view 0 0 100 0 0 initstate 125             0.00                28.4650
 libero_10_567                         put both the alphabet soup and the cream cheese box in the basket view 0 0 100 0 0 initstate 8           100.00                28.8800
 libero_10_568                        put both the alphabet soup and the cream cheese box in the basket view 0 0 100 0 0 initstate 78           100.00                28.7724
libero_10_1933                                                                    turn on the stove and put the moka pot on it add 14           100.00                26.1696
libero_10_1945                                                                     turn on the stove and put the moka pot on it add 7           100.00                27.1772
libero_10_1959                                             put the black bowl in the bottom drawer of the cabinet and close it add 10           100.00                26.5660
libero_10_1960                                             put the black bowl in the bottom drawer of the cabinet and close it add 11           100.00                26.7978
libero_10_2046                                               put both the alphabet soup and the cream cheese box in the basket add 18           100.00                26.7121
libero_10_2047                                               put both the alphabet soup and the cream cheese box in the basket add 27           100.00                27.2491
libero_10_2059                                                    put both the alphabet soup and the tomato sauce in the basket add 1           100.00                28.4695
libero_10_2060                                                   put both the alphabet soup and the tomato sauce in the basket add 10           100.00                28.4175
libero_10_2093                                                      put both the cream cheese box and the butter in the basket add 10           100.00                27.8103
libero_10_2094                                                      put both the cream cheese box and the butter in the basket add 11           100.00                28.6088
libero_10_2127                          put the white mug on the left plate and put the yellow and white mug on the right plate add 1           100.00                29.3547
libero_10_2128                         put the white mug on the left plate and put the yellow and white mug on the right plate add 10             0.00                29.5002

=== Results Table ===
libero_10 Overall
    61.11   61.11
   187.83  187.83
   362.18  362.18
  26.7763 26.7763
