Using existing task list: /data/chenpengxu/FastWAM/experiments/libero/task_lists/libero_plus_long_30_ten_step_control_supplement.txt

Starting persistent LIBERO worker pool...
task: libero_uncond_2cam224_1e-4
checkpoint: /data/chenpengxu/FastWAM/checkpoints/fastwam_release/libero_uncond_2cam224.pt
GPUs: 1
trials per task: 1
task list: /data/chenpengxu/FastWAM/evaluate_results/long36_ten_vs_789_20260916_231154_2gpu/ten_control_supplement/seed_37/libero_plus_long_30_ten_step_control_supplement.txt
output: /data/chenpengxu/FastWAM/evaluate_results/long36_ten_vs_789_20260916_231154_2gpu/ten_control_supplement/seed_37
forwarded overrides: seed=37 EVALUATION.dataset_stats_path=/data/chenpengxu/FastWAM/checkpoints/fastwam_release/libero_uncond_2cam224_dataset_stats.json EVALUATION.sigma_shift=5.0 EVALUATION.num_inference_steps=10 EVALUATION.replan_steps=8 EVALUATION.visualize_future_video=true EVALUATION.offload_text_encoder=true EVALUATION.timing_enabled=true EVALUATION.vjepa2_ac.candidate_generation_mode=separate EVALUATION.vjepa2_ac.replan_steps=8 EVALUATION.vjepa2_ac.enabled=false EVALUATION.vjepa2_ac.guidance.enabled=false
recovery: quarantine a crashed GPU and requeue its unfinished task
started worker GPU1: /data/chenpengxu/FastWAM/evaluate_results/long36_ten_vs_789_20260916_231154_2gpu/ten_control_supplement/seed_37/.worker_pool/logs/worker_1.log
[2026-09-16 23:59:48] completed=0/30 pending=30 active_workers=1
[2026-09-17 00:00:48] completed=0/30 pending=30 active_workers=1
[2026-09-17 00:01:48] completed=0/30 pending=29 active_workers=1
[2026-09-17 00:02:48] completed=0/30 pending=29 active_workers=1
[2026-09-17 00:03:48] completed=0/30 pending=29 active_workers=1
[2026-09-17 00:04:48] completed=1/30 pending=28 active_workers=1
[2026-09-17 00:05:48] completed=2/30 pending=27 active_workers=1
[2026-09-17 00:06:48] completed=2/30 pending=27 active_workers=1
[2026-09-17 00:07:48] completed=3/30 pending=26 active_workers=1
[2026-09-17 00:08:48] completed=5/30 pending=24 active_workers=1
[2026-09-17 00:09:48] completed=5/30 pending=24 active_workers=1
[2026-09-17 00:10:48] completed=6/30 pending=23 active_workers=1
[2026-09-17 00:11:48] completed=6/30 pending=23 active_workers=1
[2026-09-17 00:12:48] completed=7/30 pending=22 active_workers=1
[2026-09-17 00:13:48] completed=9/30 pending=20 active_workers=1
[2026-09-17 00:14:48] completed=9/30 pending=20 active_workers=1
[2026-09-17 00:15:48] completed=10/30 pending=19 active_workers=1
[2026-09-17 00:16:48] completed=11/30 pending=18 active_workers=1
[2026-09-17 00:17:48] completed=13/30 pending=16 active_workers=1
[2026-09-17 00:18:49] completed=14/30 pending=15 active_workers=1
[2026-09-17 00:19:49] completed=15/30 pending=14 active_workers=1
[2026-09-17 00:20:49] completed=17/30 pending=12 active_workers=1
[2026-09-17 00:21:49] completed=18/30 pending=11 active_workers=1
[2026-09-17 00:22:49] completed=18/30 pending=11 active_workers=1
[2026-09-17 00:23:49] completed=19/30 pending=10 active_workers=1
[2026-09-17 00:24:49] completed=19/30 pending=10 active_workers=1
[2026-09-17 00:25:49] completed=20/30 pending=9 active_workers=1
[2026-09-17 00:26:49] completed=20/30 pending=9 active_workers=1
[2026-09-17 00:27:49] completed=21/30 pending=8 active_workers=1
[2026-09-17 00:28:49] completed=21/30 pending=8 active_workers=1
[2026-09-17 00:29:49] completed=22/30 pending=7 active_workers=1
[2026-09-17 00:30:49] completed=23/30 pending=6 active_workers=1
[2026-09-17 00:31:49] completed=23/30 pending=6 active_workers=1
[2026-09-17 00:32:49] completed=24/30 pending=5 active_workers=1
[2026-09-17 00:33:49] completed=25/30 pending=4 active_workers=1
[2026-09-17 00:34:49] completed=26/30 pending=3 active_workers=1
[2026-09-17 00:35:49] completed=27/30 pending=2 active_workers=1
[2026-09-17 00:36:49] completed=28/30 pending=1 active_workers=1
[2026-09-17 00:37:49] completed=28/30 pending=1 active_workers=1
[2026-09-17 00:38:49] completed=29/30 pending=0 active_workers=1
[2026-09-17 00:39:49] completed=30/30 pending=0 active_workers=1
All workers exited; generating summary...

=== Evaluation Results Summary ===

Statistics for each task suite:

libero_10:
- Tasks completed: 30
- Total attempts: 30
- Successful attempts: 16
- Success rate: 53.33%
- Total time: 37m59s
- Average time per task: 01m16s
- Longest task time: 02m13s
- Average future-video PSNR: 26.6157 dB

Overall statistics:
- Average success rate: 53.33%
- Total time: 37m59s
- Average time per task: 01m16s
- Longest task time: 02m13s
- Average future-video PSNR: 26.6157 dB

=== Run Information ===
Run ID: seed_37
Results directory: /data/chenpengxu/FastWAM/evaluate_results/long36_ten_vs_789_20260916_231154_2gpu/ten_control_supplement/seed_37
Summary file: /data/chenpengxu/FastWAM/evaluate_results/long36_ten_vs_789_20260916_231154_2gpu/ten_control_supplement/seed_37/summary.json
Summary CSV: /data/chenpengxu/FastWAM/evaluate_results/long36_ten_vs_789_20260916_231154_2gpu/ten_control_supplement/seed_37/summary.csv
Task success rates CSV: /data/chenpengxu/FastWAM/evaluate_results/long36_ten_vs_789_20260916_231154_2gpu/ten_control_supplement/seed_37/task_success_rates.csv

=== Task Success Rates ===
          Task                                                                                                            Description Success Rate (%) Future Video PSNR (dB)
   libero_10_0                                                                   turn on the stove and put the moka pot on it table 1             0.00                25.4202
   libero_10_2                                                                  turn on the stove and put the moka pot on it table 12             0.00                16.7634
  libero_10_33                                            put the black bowl in the bottom drawer of the cabinet and close it table 1             0.00                22.4933
  libero_10_35                                           put the black bowl in the bottom drawer of the cabinet and close it table 12             0.00                28.4087
 libero_10_137                                              put both the alphabet soup and the cream cheese box in the basket table 1           100.00                24.0777
 libero_10_138                                             put both the alphabet soup and the cream cheese box in the basket table 12           100.00                26.0903
 libero_10_147                                                 put both the alphabet soup and the tomato sauce in the basket table 12           100.00                25.6635
 libero_10_160                                                    put both the cream cheese box and the butter in the basket table 12           100.00                26.7648
 libero_10_193                        put the white mug on the left plate and put the yellow and white mug on the right plate table 1             0.00                25.5145
 libero_10_195                       put the white mug on the left plate and put the yellow and white mug on the right plate table 12             0.00                27.6977
 libero_10_289                             put both the alphabet soup and the tomato sauce in the basket view 0 0 100 0 0 initstate 1             0.00                25.0965
 libero_10_290                            put both the alphabet soup and the tomato sauce in the basket view 0 0 100 0 0 initstate 11             0.00                24.8946
 libero_10_330                                put both the cream cheese box and the butter in the basket view 0 0 100 0 0 initstate 2           100.00                28.0233
 libero_10_331                               put both the cream cheese box and the butter in the basket view 0 0 100 0 0 initstate 42           100.00                27.9931
 libero_10_365                                              turn on the stove and put the moka pot on it view 0 0 100 0 0 initstate 3             0.00                25.7980
 libero_10_366                                             turn on the stove and put the moka pot on it view 0 0 100 0 0 initstate 13             0.00                25.4780
 libero_10_411                      put the black bowl in the bottom drawer of the cabinet and close it view 0 0 100 0 0 initstate 24             0.00                25.3286
 libero_10_458 put the white mug on the left plate and put the yellow and white mug on the right plate view 0 0 100 0 0 initstate 125             0.00                29.7583
 libero_10_567                         put both the alphabet soup and the cream cheese box in the basket view 0 0 100 0 0 initstate 8           100.00                28.7398
 libero_10_568                        put both the alphabet soup and the cream cheese box in the basket view 0 0 100 0 0 initstate 78           100.00                28.6173
libero_10_1933                                                                    turn on the stove and put the moka pot on it add 14           100.00                26.5952
libero_10_1959                                             put the black bowl in the bottom drawer of the cabinet and close it add 10           100.00                27.4980
libero_10_1960                                             put the black bowl in the bottom drawer of the cabinet and close it add 11           100.00                27.7195
libero_10_2047                                               put both the alphabet soup and the cream cheese box in the basket add 27           100.00                27.3023
libero_10_2059                                                    put both the alphabet soup and the tomato sauce in the basket add 1           100.00                28.5916
libero_10_2060                                                   put both the alphabet soup and the tomato sauce in the basket add 10           100.00                28.6513
libero_10_2093                                                      put both the cream cheese box and the butter in the basket add 10           100.00                28.2543
libero_10_2094                                                      put both the cream cheese box and the butter in the basket add 11           100.00                27.9891
libero_10_2127                          put the white mug on the left plate and put the yellow and white mug on the right plate add 1             0.00                27.6082
libero_10_2128                         put the white mug on the left plate and put the yellow and white mug on the right plate add 10             0.00                29.6404

=== Results Table ===
libero_10 Overall
    53.33   53.33
    75.96   75.96
   133.23  133.23
  26.6157 26.6157
