Using existing task list: /data/chenpengxu/FastWAM/experiments/libero/task_lists/libero_plus_long_36_three_perturbations_two_variants.txt

Starting persistent LIBERO worker pool...
task: libero_uncond_2cam224_1e-4
checkpoint: /data/chenpengxu/FastWAM/checkpoints/fastwam_release/libero_uncond_2cam224.pt
GPUs: 1
trials per task: 1
task list: /data/chenpengxu/FastWAM/evaluate_results/long36_ten_vs_789_20260916_231154_2gpu/ten_guidance_789/seed_17/libero_plus_long_36_three_perturbations_two_variants.txt
output: /data/chenpengxu/FastWAM/evaluate_results/long36_ten_vs_789_20260916_231154_2gpu/ten_guidance_789/seed_17
forwarded overrides: seed=17 EVALUATION.dataset_stats_path=/data/chenpengxu/FastWAM/checkpoints/fastwam_release/libero_uncond_2cam224_dataset_stats.json EVALUATION.sigma_shift=5.0 EVALUATION.num_inference_steps=10 EVALUATION.replan_steps=8 EVALUATION.visualize_future_video=true EVALUATION.offload_text_encoder=true EVALUATION.timing_enabled=true EVALUATION.vjepa2_ac.candidate_generation_mode=separate EVALUATION.vjepa2_ac.replan_steps=8 EVALUATION.vjepa2_ac.enabled=true EVALUATION.vjepa2_ac.guidance.enabled=true EVALUATION.vjepa2_ac.guidance.last_flow_steps=3 EVALUATION.vjepa2_ac.guidance.after_flow_steps=null EVALUATION.vjepa2_ac.guidance.step_size=0.02 EVALUATION.vjepa2_ac.guidance.ac_steps=2 EVALUATION.vjepa2_ac.guidance.verify_descent=false
recovery: quarantine a crashed GPU and requeue its unfinished task
started worker GPU1: /data/chenpengxu/FastWAM/evaluate_results/long36_ten_vs_789_20260916_231154_2gpu/ten_guidance_789/seed_17/.worker_pool/logs/worker_1.log
[2026-09-17 00:42:02] completed=0/36 pending=36 active_workers=1
[2026-09-17 00:43:02] completed=0/36 pending=36 active_workers=1
[2026-09-17 00:44:02] completed=0/36 pending=36 active_workers=1
[2026-09-17 00:45:03] completed=0/36 pending=35 active_workers=1
[2026-09-17 00:46:03] completed=0/36 pending=35 active_workers=1
[2026-09-17 00:47:03] completed=0/36 pending=35 active_workers=1
[2026-09-17 00:48:03] completed=0/36 pending=35 active_workers=1
[2026-09-17 00:49:03] completed=1/36 pending=34 active_workers=1
[2026-09-17 00:50:03] completed=1/36 pending=34 active_workers=1
[2026-09-17 00:51:03] completed=1/36 pending=34 active_workers=1
[2026-09-17 00:52:03] completed=1/36 pending=34 active_workers=1
[2026-09-17 00:53:03] completed=2/36 pending=33 active_workers=1
[2026-09-17 00:54:03] completed=2/36 pending=33 active_workers=1
[2026-09-17 00:55:03] completed=3/36 pending=32 active_workers=1
[2026-09-17 00:56:03] completed=3/36 pending=32 active_workers=1
[2026-09-17 00:57:03] completed=3/36 pending=32 active_workers=1
[2026-09-17 00:58:03] completed=3/36 pending=32 active_workers=1
[2026-09-17 00:59:03] completed=4/36 pending=31 active_workers=1
[2026-09-17 01:00:03] completed=4/36 pending=31 active_workers=1
[2026-09-17 01:01:03] completed=5/36 pending=30 active_workers=1
[2026-09-17 01:02:03] completed=6/36 pending=29 active_workers=1
[2026-09-17 01:03:03] completed=6/36 pending=29 active_workers=1
[2026-09-17 01:04:03] completed=6/36 pending=29 active_workers=1
[2026-09-17 01:05:03] completed=6/36 pending=29 active_workers=1
[2026-09-17 01:06:03] completed=6/36 pending=29 active_workers=1
[2026-09-17 01:07:03] completed=7/36 pending=28 active_workers=1
[2026-09-17 01:08:03] completed=7/36 pending=28 active_workers=1
[2026-09-17 01:09:03] completed=7/36 pending=28 active_workers=1
[2026-09-17 01:10:03] completed=7/36 pending=28 active_workers=1
[2026-09-17 01:11:03] completed=7/36 pending=28 active_workers=1
[2026-09-17 01:12:03] completed=8/36 pending=27 active_workers=1
[2026-09-17 01:13:03] completed=9/36 pending=26 active_workers=1
[2026-09-17 01:14:03] completed=9/36 pending=26 active_workers=1
[2026-09-17 01:15:03] completed=10/36 pending=25 active_workers=1
[2026-09-17 01:16:03] completed=10/36 pending=25 active_workers=1
[2026-09-17 01:17:03] completed=11/36 pending=24 active_workers=1
[2026-09-17 01:18:03] completed=11/36 pending=24 active_workers=1
[2026-09-17 01:19:03] completed=11/36 pending=24 active_workers=1
[2026-09-17 01:20:03] completed=11/36 pending=24 active_workers=1
[2026-09-17 01:21:03] completed=11/36 pending=24 active_workers=1
[2026-09-17 01:22:03] completed=12/36 pending=23 active_workers=1
[2026-09-17 01:23:03] completed=13/36 pending=22 active_workers=1
[2026-09-17 01:24:03] completed=13/36 pending=22 active_workers=1
[2026-09-17 01:25:03] completed=14/36 pending=21 active_workers=1
[2026-09-17 01:26:03] completed=15/36 pending=20 active_workers=1
[2026-09-17 01:27:03] completed=15/36 pending=20 active_workers=1
[2026-09-17 01:28:03] completed=16/36 pending=19 active_workers=1
[2026-09-17 01:29:03] completed=16/36 pending=19 active_workers=1
[2026-09-17 01:30:03] completed=17/36 pending=18 active_workers=1
[2026-09-17 01:31:03] completed=17/36 pending=18 active_workers=1
[2026-09-17 01:32:03] completed=18/36 pending=17 active_workers=1
[2026-09-17 01:33:03] completed=18/36 pending=17 active_workers=1
[2026-09-17 01:34:03] completed=19/36 pending=16 active_workers=1
[2026-09-17 01:35:03] completed=20/36 pending=15 active_workers=1
[2026-09-17 01:36:03] completed=20/36 pending=15 active_workers=1
[2026-09-17 01:37:03] completed=21/36 pending=14 active_workers=1
[2026-09-17 01:38:03] completed=21/36 pending=14 active_workers=1
[2026-09-17 01:39:03] completed=22/36 pending=13 active_workers=1
[2026-09-17 01:40:03] completed=22/36 pending=13 active_workers=1
[2026-09-17 01:41:03] completed=22/36 pending=13 active_workers=1
[2026-09-17 01:42:03] completed=22/36 pending=13 active_workers=1
[2026-09-17 01:43:03] completed=23/36 pending=12 active_workers=1
[2026-09-17 01:44:03] completed=23/36 pending=12 active_workers=1
[2026-09-17 01:45:03] completed=23/36 pending=12 active_workers=1
[2026-09-17 01:46:03] completed=23/36 pending=12 active_workers=1
[2026-09-17 01:47:03] completed=24/36 pending=11 active_workers=1
[2026-09-17 01:48:03] completed=24/36 pending=11 active_workers=1
[2026-09-17 01:49:03] completed=24/36 pending=11 active_workers=1
[2026-09-17 01:50:03] completed=25/36 pending=10 active_workers=1
[2026-09-17 01:51:03] completed=25/36 pending=10 active_workers=1
[2026-09-17 01:52:03] completed=25/36 pending=10 active_workers=1
[2026-09-17 01:53:03] completed=25/36 pending=10 active_workers=1
[2026-09-17 01:54:03] completed=25/36 pending=10 active_workers=1
[2026-09-17 01:55:03] completed=26/36 pending=9 active_workers=1
[2026-09-17 01:56:04] completed=26/36 pending=9 active_workers=1
[2026-09-17 01:57:04] completed=26/36 pending=9 active_workers=1
[2026-09-17 01:58:04] completed=26/36 pending=9 active_workers=1
[2026-09-17 01:59:04] completed=27/36 pending=8 active_workers=1
[2026-09-17 02:00:04] completed=27/36 pending=8 active_workers=1
[2026-09-17 02:01:04] completed=27/36 pending=8 active_workers=1
[2026-09-17 02:02:04] completed=27/36 pending=8 active_workers=1
[2026-09-17 02:03:04] completed=28/36 pending=7 active_workers=1
[2026-09-17 02:04:04] completed=28/36 pending=7 active_workers=1
[2026-09-17 02:05:04] completed=29/36 pending=6 active_workers=1
[2026-09-17 02:06:04] completed=29/36 pending=6 active_workers=1
[2026-09-17 02:07:04] completed=30/36 pending=5 active_workers=1
[2026-09-17 02:08:04] completed=30/36 pending=5 active_workers=1
[2026-09-17 02:09:04] completed=30/36 pending=5 active_workers=1
[2026-09-17 02:10:04] completed=31/36 pending=4 active_workers=1
[2026-09-17 02:11:04] completed=31/36 pending=4 active_workers=1
[2026-09-17 02:12:04] completed=32/36 pending=3 active_workers=1
[2026-09-17 02:13:04] completed=32/36 pending=3 active_workers=1
[2026-09-17 02:14:04] completed=32/36 pending=3 active_workers=1
[2026-09-17 02:15:04] completed=32/36 pending=3 active_workers=1
[2026-09-17 02:16:04] completed=32/36 pending=3 active_workers=1
[2026-09-17 02:17:04] completed=33/36 pending=2 active_workers=1
[2026-09-17 02:18:04] completed=33/36 pending=2 active_workers=1
[2026-09-17 02:19:04] completed=34/36 pending=1 active_workers=1
[2026-09-17 02:20:04] completed=34/36 pending=1 active_workers=1
[2026-09-17 02:21:04] completed=34/36 pending=1 active_workers=1
[2026-09-17 02:22:04] completed=34/36 pending=1 active_workers=1
[2026-09-17 02:23:04] completed=34/36 pending=1 active_workers=1
[2026-09-17 02:24:04] completed=35/36 pending=0 active_workers=1
[2026-09-17 02:25:04] completed=35/36 pending=0 active_workers=1
[2026-09-17 02:26:04] completed=35/36 pending=0 active_workers=1
[2026-09-17 02:27:04] completed=35/36 pending=0 active_workers=1
[2026-09-17 02:28:04] completed=35/36 pending=0 active_workers=1
All workers exited; generating summary...

=== Evaluation Results Summary ===

Statistics for each task suite:

libero_10:
- Tasks completed: 36
- Total attempts: 36
- Successful attempts: 26
- Success rate: 72.22%
- Total time: 01h43m23s
- Average time per task: 02m52s
- Longest task time: 04m45s
- Average future-video PSNR: 26.7858 dB

Overall statistics:
- Average success rate: 72.22%
- Total time: 01h43m23s
- Average time per task: 02m52s
- Longest task time: 04m45s
- Average future-video PSNR: 26.7858 dB

=== Run Information ===
Run ID: seed_17
Results directory: /data/chenpengxu/FastWAM/evaluate_results/long36_ten_vs_789_20260916_231154_2gpu/ten_guidance_789/seed_17
Summary file: /data/chenpengxu/FastWAM/evaluate_results/long36_ten_vs_789_20260916_231154_2gpu/ten_guidance_789/seed_17/summary.json
Summary CSV: /data/chenpengxu/FastWAM/evaluate_results/long36_ten_vs_789_20260916_231154_2gpu/ten_guidance_789/seed_17/summary.csv
Task success rates CSV: /data/chenpengxu/FastWAM/evaluate_results/long36_ten_vs_789_20260916_231154_2gpu/ten_guidance_789/seed_17/task_success_rates.csv

=== Task Success Rates ===
          Task                                                                                                            Description Success Rate (%) Future Video PSNR (dB)
   libero_10_0                                                                   turn on the stove and put the moka pot on it table 1           100.00                25.5255
   libero_10_2                                                                  turn on the stove and put the moka pot on it table 12             0.00                16.7390
  libero_10_33                                            put the black bowl in the bottom drawer of the cabinet and close it table 1             0.00                23.3015
  libero_10_35                                           put the black bowl in the bottom drawer of the cabinet and close it table 12           100.00                32.1755
 libero_10_137                                              put both the alphabet soup and the cream cheese box in the basket table 1           100.00                23.9387
 libero_10_138                                             put both the alphabet soup and the cream cheese box in the basket table 12           100.00                26.0543
 libero_10_145                                                  put both the alphabet soup and the tomato sauce in the basket table 1           100.00                27.3371
 libero_10_147                                                 put both the alphabet soup and the tomato sauce in the basket table 12           100.00                24.8927
 libero_10_158                                                     put both the cream cheese box and the butter in the basket table 1             0.00                25.0890
 libero_10_160                                                    put both the cream cheese box and the butter in the basket table 12           100.00                26.2166
 libero_10_193                        put the white mug on the left plate and put the yellow and white mug on the right plate table 1             0.00                26.4626
 libero_10_195                       put the white mug on the left plate and put the yellow and white mug on the right plate table 12             0.00                29.2723
 libero_10_289                             put both the alphabet soup and the tomato sauce in the basket view 0 0 100 0 0 initstate 1             0.00                25.2309
 libero_10_290                            put both the alphabet soup and the tomato sauce in the basket view 0 0 100 0 0 initstate 11             0.00                24.7122
 libero_10_330                                put both the cream cheese box and the butter in the basket view 0 0 100 0 0 initstate 2           100.00                28.3224
 libero_10_331                               put both the cream cheese box and the butter in the basket view 0 0 100 0 0 initstate 42           100.00                27.9732
 libero_10_365                                              turn on the stove and put the moka pot on it view 0 0 100 0 0 initstate 3           100.00                25.4927
 libero_10_366                                             turn on the stove and put the moka pot on it view 0 0 100 0 0 initstate 13           100.00                25.2491
 libero_10_410                      put the black bowl in the bottom drawer of the cabinet and close it view 0 0 100 0 0 initstate 14           100.00                26.1861
 libero_10_411                      put the black bowl in the bottom drawer of the cabinet and close it view 0 0 100 0 0 initstate 24             0.00                26.1297
 libero_10_457 put the white mug on the left plate and put the yellow and white mug on the right plate view 0 0 100 0 0 initstate 115           100.00                30.5691
 libero_10_458 put the white mug on the left plate and put the yellow and white mug on the right plate view 0 0 100 0 0 initstate 125             0.00                27.6359
 libero_10_567                         put both the alphabet soup and the cream cheese box in the basket view 0 0 100 0 0 initstate 8           100.00                28.3914
 libero_10_568                        put both the alphabet soup and the cream cheese box in the basket view 0 0 100 0 0 initstate 78           100.00                28.6211
libero_10_1933                                                                    turn on the stove and put the moka pot on it add 14           100.00                26.5484
libero_10_1945                                                                     turn on the stove and put the moka pot on it add 7           100.00                26.6638
libero_10_1959                                             put the black bowl in the bottom drawer of the cabinet and close it add 10           100.00                27.4460
libero_10_1960                                             put the black bowl in the bottom drawer of the cabinet and close it add 11           100.00                26.4828
libero_10_2046                                               put both the alphabet soup and the cream cheese box in the basket add 18           100.00                27.7565
libero_10_2047                                               put both the alphabet soup and the cream cheese box in the basket add 27           100.00                27.2047
libero_10_2059                                                    put both the alphabet soup and the tomato sauce in the basket add 1           100.00                28.2543
libero_10_2060                                                   put both the alphabet soup and the tomato sauce in the basket add 10           100.00                28.6763
libero_10_2093                                                      put both the cream cheese box and the butter in the basket add 10           100.00                27.6553
libero_10_2094                                                      put both the cream cheese box and the butter in the basket add 11           100.00                28.4335
libero_10_2127                          put the white mug on the left plate and put the yellow and white mug on the right plate add 1           100.00                28.1704
libero_10_2128                         put the white mug on the left plate and put the yellow and white mug on the right plate add 10             0.00                29.4788

=== Results Table ===
libero_10 Overall
    72.22   72.22
   172.32  172.32
   285.28  285.28
  26.7858 26.7858
