Using existing task list: /data/chenpengxu/FastWAM/experiments/libero/task_lists/libero_plus_long_36_three_perturbations_two_variants.txt

Starting persistent LIBERO worker pool...
task: libero_uncond_2cam224_1e-4
checkpoint: /data/chenpengxu/FastWAM/checkpoints/fastwam_release/libero_uncond_2cam224.pt
GPUs: 0
trials per task: 1
task list: /data/chenpengxu/FastWAM/evaluate_results/long36_ten_vs_789_20260916_231154_2gpu/ten_guidance_789/seed_7/libero_plus_long_36_three_perturbations_two_variants.txt
output: /data/chenpengxu/FastWAM/evaluate_results/long36_ten_vs_789_20260916_231154_2gpu/ten_guidance_789/seed_7
forwarded overrides: seed=7 EVALUATION.dataset_stats_path=/data/chenpengxu/FastWAM/checkpoints/fastwam_release/libero_uncond_2cam224_dataset_stats.json EVALUATION.sigma_shift=5.0 EVALUATION.num_inference_steps=10 EVALUATION.replan_steps=8 EVALUATION.visualize_future_video=true EVALUATION.offload_text_encoder=true EVALUATION.timing_enabled=true EVALUATION.vjepa2_ac.candidate_generation_mode=separate EVALUATION.vjepa2_ac.replan_steps=8 EVALUATION.vjepa2_ac.enabled=true EVALUATION.vjepa2_ac.guidance.enabled=true EVALUATION.vjepa2_ac.guidance.last_flow_steps=3 EVALUATION.vjepa2_ac.guidance.after_flow_steps=null EVALUATION.vjepa2_ac.guidance.step_size=0.02 EVALUATION.vjepa2_ac.guidance.ac_steps=2 EVALUATION.vjepa2_ac.guidance.verify_descent=false
recovery: quarantine a crashed GPU and requeue its unfinished task
started worker GPU0: /data/chenpengxu/FastWAM/evaluate_results/long36_ten_vs_789_20260916_231154_2gpu/ten_guidance_789/seed_7/.worker_pool/logs/worker_0.log
[2026-09-17 00:40:58] completed=0/36 pending=36 active_workers=1
[2026-09-17 00:41:58] completed=0/36 pending=36 active_workers=1
[2026-09-17 00:42:58] completed=0/36 pending=36 active_workers=1
[2026-09-17 00:43:58] completed=0/36 pending=36 active_workers=1
[2026-09-17 00:44:58] completed=0/36 pending=35 active_workers=1
[2026-09-17 00:45:58] completed=0/36 pending=35 active_workers=1
[2026-09-17 00:46:58] completed=0/36 pending=35 active_workers=1
[2026-09-17 00:47:58] completed=0/36 pending=35 active_workers=1
[2026-09-17 00:48:58] completed=0/36 pending=35 active_workers=1
[2026-09-17 00:49:58] completed=0/36 pending=35 active_workers=1
[2026-09-17 00:50:58] completed=1/36 pending=34 active_workers=1
[2026-09-17 00:51:58] completed=1/36 pending=34 active_workers=1
[2026-09-17 00:52:58] completed=1/36 pending=34 active_workers=1
[2026-09-17 00:53:58] completed=1/36 pending=34 active_workers=1
[2026-09-17 00:54:58] completed=2/36 pending=33 active_workers=1
[2026-09-17 00:55:58] completed=2/36 pending=33 active_workers=1
[2026-09-17 00:56:58] completed=2/36 pending=33 active_workers=1
[2026-09-17 00:57:58] completed=2/36 pending=33 active_workers=1
[2026-09-17 00:58:58] completed=2/36 pending=33 active_workers=1
[2026-09-17 00:59:58] completed=3/36 pending=32 active_workers=1
[2026-09-17 01:00:58] completed=3/36 pending=32 active_workers=1
[2026-09-17 01:01:58] completed=3/36 pending=32 active_workers=1
[2026-09-17 01:02:58] completed=3/36 pending=32 active_workers=1
[2026-09-17 01:03:58] completed=4/36 pending=31 active_workers=1
[2026-09-17 01:04:58] completed=4/36 pending=31 active_workers=1
[2026-09-17 01:05:58] completed=5/36 pending=30 active_workers=1
[2026-09-17 01:06:58] completed=6/36 pending=29 active_workers=1
[2026-09-17 01:07:58] completed=6/36 pending=29 active_workers=1
[2026-09-17 01:08:58] completed=6/36 pending=29 active_workers=1
[2026-09-17 01:09:58] completed=6/36 pending=29 active_workers=1
[2026-09-17 01:10:58] completed=6/36 pending=29 active_workers=1
[2026-09-17 01:11:58] completed=7/36 pending=28 active_workers=1
[2026-09-17 01:12:58] completed=7/36 pending=28 active_workers=1
[2026-09-17 01:13:58] completed=7/36 pending=28 active_workers=1
[2026-09-17 01:14:58] completed=7/36 pending=28 active_workers=1
[2026-09-17 01:15:58] completed=8/36 pending=27 active_workers=1
[2026-09-17 01:16:58] completed=8/36 pending=27 active_workers=1
[2026-09-17 01:17:58] completed=9/36 pending=26 active_workers=1
[2026-09-17 01:18:58] completed=9/36 pending=26 active_workers=1
[2026-09-17 01:19:58] completed=9/36 pending=26 active_workers=1
[2026-09-17 01:20:58] completed=9/36 pending=26 active_workers=1
[2026-09-17 01:21:58] completed=9/36 pending=26 active_workers=1
[2026-09-17 01:22:58] completed=10/36 pending=25 active_workers=1
[2026-09-17 01:23:58] completed=10/36 pending=25 active_workers=1
[2026-09-17 01:24:58] completed=10/36 pending=25 active_workers=1
[2026-09-17 01:25:58] completed=10/36 pending=25 active_workers=1
[2026-09-17 01:26:58] completed=11/36 pending=24 active_workers=1
[2026-09-17 01:27:58] completed=11/36 pending=24 active_workers=1
[2026-09-17 01:28:58] completed=11/36 pending=24 active_workers=1
[2026-09-17 01:29:59] completed=11/36 pending=24 active_workers=1
[2026-09-17 01:30:59] completed=11/36 pending=24 active_workers=1
[2026-09-17 01:31:59] completed=12/36 pending=23 active_workers=1
[2026-09-17 01:32:59] completed=12/36 pending=23 active_workers=1
[2026-09-17 01:33:59] completed=13/36 pending=22 active_workers=1
[2026-09-17 01:34:59] completed=14/36 pending=21 active_workers=1
[2026-09-17 01:35:59] completed=14/36 pending=21 active_workers=1
[2026-09-17 01:36:59] completed=15/36 pending=20 active_workers=1
[2026-09-17 01:37:59] completed=15/36 pending=20 active_workers=1
[2026-09-17 01:38:59] completed=16/36 pending=19 active_workers=1
[2026-09-17 01:39:59] completed=16/36 pending=19 active_workers=1
[2026-09-17 01:40:59] completed=17/36 pending=18 active_workers=1
[2026-09-17 01:41:59] completed=18/36 pending=17 active_workers=1
[2026-09-17 01:42:59] completed=18/36 pending=17 active_workers=1
[2026-09-17 01:43:59] completed=19/36 pending=16 active_workers=1
[2026-09-17 01:44:59] completed=19/36 pending=16 active_workers=1
[2026-09-17 01:45:59] completed=20/36 pending=15 active_workers=1
[2026-09-17 01:46:59] completed=20/36 pending=15 active_workers=1
[2026-09-17 01:47:59] completed=21/36 pending=14 active_workers=1
[2026-09-17 01:48:59] completed=21/36 pending=14 active_workers=1
[2026-09-17 01:49:59] completed=22/36 pending=13 active_workers=1
[2026-09-17 01:50:59] completed=23/36 pending=12 active_workers=1
[2026-09-17 01:51:59] completed=23/36 pending=12 active_workers=1
[2026-09-17 01:52:59] completed=23/36 pending=12 active_workers=1
[2026-09-17 01:53:59] completed=23/36 pending=12 active_workers=1
[2026-09-17 01:54:59] completed=23/36 pending=12 active_workers=1
[2026-09-17 01:55:59] completed=24/36 pending=11 active_workers=1
[2026-09-17 01:56:59] completed=24/36 pending=11 active_workers=1
[2026-09-17 01:57:59] completed=24/36 pending=11 active_workers=1
[2026-09-17 01:58:59] completed=24/36 pending=11 active_workers=1
[2026-09-17 01:59:59] completed=24/36 pending=11 active_workers=1
[2026-09-17 02:00:59] completed=25/36 pending=10 active_workers=1
[2026-09-17 02:01:59] completed=25/36 pending=10 active_workers=1
[2026-09-17 02:02:59] completed=25/36 pending=10 active_workers=1
[2026-09-17 02:03:59] completed=25/36 pending=10 active_workers=1
[2026-09-17 02:04:59] completed=26/36 pending=9 active_workers=1
[2026-09-17 02:05:59] completed=26/36 pending=9 active_workers=1
[2026-09-17 02:06:59] completed=26/36 pending=9 active_workers=1
[2026-09-17 02:07:59] completed=26/36 pending=9 active_workers=1
[2026-09-17 02:08:59] completed=26/36 pending=9 active_workers=1
[2026-09-17 02:09:59] completed=27/36 pending=8 active_workers=1
[2026-09-17 02:10:59] completed=27/36 pending=8 active_workers=1
[2026-09-17 02:11:59] completed=27/36 pending=8 active_workers=1
[2026-09-17 02:12:59] completed=27/36 pending=8 active_workers=1
[2026-09-17 02:13:59] completed=28/36 pending=7 active_workers=1
[2026-09-17 02:14:59] completed=28/36 pending=7 active_workers=1
[2026-09-17 02:15:59] completed=29/36 pending=6 active_workers=1
[2026-09-17 02:16:59] completed=29/36 pending=6 active_workers=1
[2026-09-17 02:17:59] completed=30/36 pending=5 active_workers=1
[2026-09-17 02:18:59] completed=30/36 pending=5 active_workers=1
[2026-09-17 02:19:59] completed=30/36 pending=5 active_workers=1
[2026-09-17 02:20:59] completed=31/36 pending=4 active_workers=1
[2026-09-17 02:21:59] completed=31/36 pending=4 active_workers=1
[2026-09-17 02:22:59] completed=32/36 pending=3 active_workers=1
[2026-09-17 02:23:59] completed=32/36 pending=3 active_workers=1
[2026-09-17 02:24:59] completed=32/36 pending=3 active_workers=1
[2026-09-17 02:25:59] completed=32/36 pending=3 active_workers=1
[2026-09-17 02:26:59] completed=33/36 pending=2 active_workers=1
[2026-09-17 02:27:59] completed=33/36 pending=2 active_workers=1
[2026-09-17 02:28:59] completed=33/36 pending=2 active_workers=1
[2026-09-17 02:29:59] completed=34/36 pending=1 active_workers=1
[2026-09-17 02:30:59] completed=34/36 pending=1 active_workers=1
[2026-09-17 02:31:59] completed=34/36 pending=1 active_workers=1
[2026-09-17 02:32:59] completed=34/36 pending=1 active_workers=1
[2026-09-17 02:33:59] completed=35/36 pending=0 active_workers=1
[2026-09-17 02:34:59] completed=35/36 pending=0 active_workers=1
[2026-09-17 02:35:59] completed=35/36 pending=0 active_workers=1
[2026-09-17 02:36:59] completed=35/36 pending=0 active_workers=1
[2026-09-17 02:38:00] completed=35/36 pending=0 active_workers=1
All workers exited; generating summary...

=== Evaluation Results Summary ===

Statistics for each task suite:

libero_10:
- Tasks completed: 36
- Total attempts: 36
- Successful attempts: 19
- Success rate: 52.78%
- Total time: 01h54m31s
- Average time per task: 03m11s
- Longest task time: 06m12s
- Average future-video PSNR: 26.7451 dB

Overall statistics:
- Average success rate: 52.78%
- Total time: 01h54m31s
- Average time per task: 03m11s
- Longest task time: 06m12s
- Average future-video PSNR: 26.7451 dB

=== Run Information ===
Run ID: seed_7
Results directory: /data/chenpengxu/FastWAM/evaluate_results/long36_ten_vs_789_20260916_231154_2gpu/ten_guidance_789/seed_7
Summary file: /data/chenpengxu/FastWAM/evaluate_results/long36_ten_vs_789_20260916_231154_2gpu/ten_guidance_789/seed_7/summary.json
Summary CSV: /data/chenpengxu/FastWAM/evaluate_results/long36_ten_vs_789_20260916_231154_2gpu/ten_guidance_789/seed_7/summary.csv
Task success rates CSV: /data/chenpengxu/FastWAM/evaluate_results/long36_ten_vs_789_20260916_231154_2gpu/ten_guidance_789/seed_7/task_success_rates.csv

=== Task Success Rates ===
          Task                                                                                                            Description Success Rate (%) Future Video PSNR (dB)
   libero_10_0                                                                   turn on the stove and put the moka pot on it table 1             0.00                25.3019
   libero_10_2                                                                  turn on the stove and put the moka pot on it table 12             0.00                17.3660
  libero_10_33                                            put the black bowl in the bottom drawer of the cabinet and close it table 1             0.00                21.9633
  libero_10_35                                           put the black bowl in the bottom drawer of the cabinet and close it table 12             0.00                28.9988
 libero_10_137                                              put both the alphabet soup and the cream cheese box in the basket table 1           100.00                24.0764
 libero_10_138                                             put both the alphabet soup and the cream cheese box in the basket table 12           100.00                26.2660
 libero_10_145                                                  put both the alphabet soup and the tomato sauce in the basket table 1           100.00                27.9078
 libero_10_147                                                 put both the alphabet soup and the tomato sauce in the basket table 12           100.00                25.3249
 libero_10_158                                                     put both the cream cheese box and the butter in the basket table 1             0.00                25.6910
 libero_10_160                                                    put both the cream cheese box and the butter in the basket table 12           100.00                26.7831
 libero_10_193                        put the white mug on the left plate and put the yellow and white mug on the right plate table 1             0.00                27.0144
 libero_10_195                       put the white mug on the left plate and put the yellow and white mug on the right plate table 12             0.00                30.1245
 libero_10_289                             put both the alphabet soup and the tomato sauce in the basket view 0 0 100 0 0 initstate 1             0.00                25.4770
 libero_10_290                            put both the alphabet soup and the tomato sauce in the basket view 0 0 100 0 0 initstate 11             0.00                25.9892
 libero_10_330                                put both the cream cheese box and the butter in the basket view 0 0 100 0 0 initstate 2           100.00                27.8878
 libero_10_331                               put both the cream cheese box and the butter in the basket view 0 0 100 0 0 initstate 42             0.00                24.1337
 libero_10_365                                              turn on the stove and put the moka pot on it view 0 0 100 0 0 initstate 3             0.00                25.3050
 libero_10_366                                             turn on the stove and put the moka pot on it view 0 0 100 0 0 initstate 13             0.00                26.9630
 libero_10_410                      put the black bowl in the bottom drawer of the cabinet and close it view 0 0 100 0 0 initstate 14             0.00                25.7060
 libero_10_411                      put the black bowl in the bottom drawer of the cabinet and close it view 0 0 100 0 0 initstate 24             0.00                25.6616
 libero_10_457 put the white mug on the left plate and put the yellow and white mug on the right plate view 0 0 100 0 0 initstate 115             0.00                28.3106
 libero_10_458 put the white mug on the left plate and put the yellow and white mug on the right plate view 0 0 100 0 0 initstate 125             0.00                27.9591
 libero_10_567                         put both the alphabet soup and the cream cheese box in the basket view 0 0 100 0 0 initstate 8           100.00                28.8230
 libero_10_568                        put both the alphabet soup and the cream cheese box in the basket view 0 0 100 0 0 initstate 78           100.00                27.9375
libero_10_1933                                                                    turn on the stove and put the moka pot on it add 14           100.00                26.6771
libero_10_1945                                                                     turn on the stove and put the moka pot on it add 7           100.00                27.1518
libero_10_1959                                             put the black bowl in the bottom drawer of the cabinet and close it add 10           100.00                27.8116
libero_10_1960                                             put the black bowl in the bottom drawer of the cabinet and close it add 11           100.00                27.5216
libero_10_2046                                               put both the alphabet soup and the cream cheese box in the basket add 18           100.00                27.9029
libero_10_2047                                               put both the alphabet soup and the cream cheese box in the basket add 27           100.00                27.1975
libero_10_2059                                                    put both the alphabet soup and the tomato sauce in the basket add 1           100.00                28.6186
libero_10_2060                                                   put both the alphabet soup and the tomato sauce in the basket add 10           100.00                28.7062
libero_10_2093                                                      put both the cream cheese box and the butter in the basket add 10           100.00                28.1133
libero_10_2094                                                      put both the cream cheese box and the butter in the basket add 11           100.00                28.6110
libero_10_2127                          put the white mug on the left plate and put the yellow and white mug on the right plate add 1           100.00                29.6211
libero_10_2128                         put the white mug on the left plate and put the yellow and white mug on the right plate add 10             0.00                27.9176

=== Results Table ===
libero_10 Overall
    52.78   52.78
   190.85  190.85
   371.69  371.69
  26.7451 26.7451
