Using existing task list: /data/chenpengxu/FastWAM/experiments/libero/task_lists/libero_plus_long_36_three_perturbations_two_variants.txt

Starting persistent LIBERO worker pool...
task: libero_uncond_2cam224_1e-4
checkpoint: /data/chenpengxu/FastWAM/checkpoints/fastwam_release/libero_uncond_2cam224.pt
GPUs: 0
trials per task: 1
task list: /data/chenpengxu/FastWAM/evaluate_results/long36_ten_vs_789_20260916_231154_2gpu/ten_guidance_789/seed_27/libero_plus_long_36_three_perturbations_two_variants.txt
output: /data/chenpengxu/FastWAM/evaluate_results/long36_ten_vs_789_20260916_231154_2gpu/ten_guidance_789/seed_27
forwarded overrides: seed=27 EVALUATION.dataset_stats_path=/data/chenpengxu/FastWAM/checkpoints/fastwam_release/libero_uncond_2cam224_dataset_stats.json EVALUATION.sigma_shift=5.0 EVALUATION.num_inference_steps=10 EVALUATION.replan_steps=8 EVALUATION.visualize_future_video=true EVALUATION.offload_text_encoder=true EVALUATION.timing_enabled=true EVALUATION.vjepa2_ac.candidate_generation_mode=separate EVALUATION.vjepa2_ac.replan_steps=8 EVALUATION.vjepa2_ac.enabled=true EVALUATION.vjepa2_ac.guidance.enabled=true EVALUATION.vjepa2_ac.guidance.last_flow_steps=3 EVALUATION.vjepa2_ac.guidance.after_flow_steps=null EVALUATION.vjepa2_ac.guidance.step_size=0.02 EVALUATION.vjepa2_ac.guidance.ac_steps=2 EVALUATION.vjepa2_ac.guidance.verify_descent=false
recovery: quarantine a crashed GPU and requeue its unfinished task
started worker GPU0: /data/chenpengxu/FastWAM/evaluate_results/long36_ten_vs_789_20260916_231154_2gpu/ten_guidance_789/seed_27/.worker_pool/logs/worker_0.log
[2026-09-17 02:38:42] completed=0/36 pending=36 active_workers=1
[2026-09-17 02:39:42] completed=0/36 pending=36 active_workers=1
[2026-09-17 02:40:42] completed=0/36 pending=36 active_workers=1
[2026-09-17 02:41:43] completed=0/36 pending=36 active_workers=1
[2026-09-17 02:42:43] completed=0/36 pending=35 active_workers=1
[2026-09-17 02:43:43] completed=0/36 pending=35 active_workers=1
[2026-09-17 02:44:43] completed=0/36 pending=35 active_workers=1
[2026-09-17 02:45:43] completed=0/36 pending=35 active_workers=1
[2026-09-17 02:46:43] completed=0/36 pending=35 active_workers=1
[2026-09-17 02:47:43] completed=0/36 pending=35 active_workers=1
[2026-09-17 02:48:43] completed=1/36 pending=34 active_workers=1
[2026-09-17 02:49:43] completed=1/36 pending=34 active_workers=1
[2026-09-17 02:50:43] completed=1/36 pending=34 active_workers=1
[2026-09-17 02:51:43] completed=1/36 pending=34 active_workers=1
[2026-09-17 02:52:43] completed=2/36 pending=33 active_workers=1
[2026-09-17 02:53:43] completed=2/36 pending=33 active_workers=1
[2026-09-17 02:54:43] completed=2/36 pending=33 active_workers=1
[2026-09-17 02:55:43] completed=2/36 pending=33 active_workers=1
[2026-09-17 02:56:43] completed=2/36 pending=33 active_workers=1
[2026-09-17 02:57:43] completed=2/36 pending=33 active_workers=1
[2026-09-17 02:58:43] completed=3/36 pending=32 active_workers=1
[2026-09-17 02:59:43] completed=3/36 pending=32 active_workers=1
[2026-09-17 03:00:43] completed=3/36 pending=32 active_workers=1
[2026-09-17 03:01:43] completed=3/36 pending=32 active_workers=1
[2026-09-17 03:02:43] completed=4/36 pending=31 active_workers=1
[2026-09-17 03:03:43] completed=4/36 pending=31 active_workers=1
[2026-09-17 03:04:43] completed=5/36 pending=30 active_workers=1
[2026-09-17 03:05:43] completed=6/36 pending=29 active_workers=1
[2026-09-17 03:06:43] completed=6/36 pending=29 active_workers=1
[2026-09-17 03:07:43] completed=6/36 pending=29 active_workers=1
[2026-09-17 03:08:43] completed=6/36 pending=29 active_workers=1
[2026-09-17 03:09:43] completed=6/36 pending=29 active_workers=1
[2026-09-17 03:10:43] completed=7/36 pending=28 active_workers=1
[2026-09-17 03:11:43] completed=7/36 pending=28 active_workers=1
[2026-09-17 03:12:43] completed=7/36 pending=28 active_workers=1
[2026-09-17 03:13:43] completed=7/36 pending=28 active_workers=1
[2026-09-17 03:14:43] completed=7/36 pending=28 active_workers=1
[2026-09-17 03:15:43] completed=8/36 pending=27 active_workers=1
[2026-09-17 03:16:43] completed=8/36 pending=27 active_workers=1
[2026-09-17 03:17:43] completed=9/36 pending=26 active_workers=1
[2026-09-17 03:18:43] completed=10/36 pending=25 active_workers=1
[2026-09-17 03:19:43] completed=10/36 pending=25 active_workers=1
[2026-09-17 03:20:43] completed=10/36 pending=25 active_workers=1
[2026-09-17 03:21:43] completed=10/36 pending=25 active_workers=1
[2026-09-17 03:22:43] completed=10/36 pending=25 active_workers=1
[2026-09-17 03:23:43] completed=11/36 pending=24 active_workers=1
[2026-09-17 03:24:43] completed=11/36 pending=24 active_workers=1
[2026-09-17 03:25:43] completed=11/36 pending=24 active_workers=1
[2026-09-17 03:26:43] completed=11/36 pending=24 active_workers=1
[2026-09-17 03:27:43] completed=11/36 pending=24 active_workers=1
[2026-09-17 03:28:43] completed=12/36 pending=23 active_workers=1
[2026-09-17 03:29:43] completed=12/36 pending=23 active_workers=1
[2026-09-17 03:30:43] completed=13/36 pending=22 active_workers=1
[2026-09-17 03:31:43] completed=14/36 pending=21 active_workers=1
[2026-09-17 03:32:43] completed=14/36 pending=21 active_workers=1
[2026-09-17 03:33:43] completed=15/36 pending=20 active_workers=1
[2026-09-17 03:34:44] completed=15/36 pending=20 active_workers=1
[2026-09-17 03:35:44] completed=16/36 pending=19 active_workers=1
[2026-09-17 03:36:44] completed=16/36 pending=19 active_workers=1
[2026-09-17 03:37:44] completed=17/36 pending=18 active_workers=1
[2026-09-17 03:38:44] completed=17/36 pending=18 active_workers=1
[2026-09-17 03:39:44] completed=18/36 pending=17 active_workers=1
[2026-09-17 03:40:44] completed=19/36 pending=16 active_workers=1
[2026-09-17 03:41:44] completed=19/36 pending=16 active_workers=1
[2026-09-17 03:42:44] completed=20/36 pending=15 active_workers=1
[2026-09-17 03:43:44] completed=20/36 pending=15 active_workers=1
[2026-09-17 03:44:44] completed=21/36 pending=14 active_workers=1
[2026-09-17 03:45:44] completed=21/36 pending=14 active_workers=1
[2026-09-17 03:46:44] completed=22/36 pending=13 active_workers=1
[2026-09-17 03:47:44] completed=22/36 pending=13 active_workers=1
[2026-09-17 03:48:44] completed=23/36 pending=12 active_workers=1
[2026-09-17 03:49:44] completed=23/36 pending=12 active_workers=1
[2026-09-17 03:50:44] completed=23/36 pending=12 active_workers=1
[2026-09-17 03:51:44] completed=23/36 pending=12 active_workers=1
[2026-09-17 03:52:44] completed=23/36 pending=12 active_workers=1
[2026-09-17 03:53:44] completed=24/36 pending=11 active_workers=1
[2026-09-17 03:54:44] completed=24/36 pending=11 active_workers=1
[2026-09-17 03:55:44] completed=25/36 pending=10 active_workers=1
[2026-09-17 03:56:44] completed=25/36 pending=10 active_workers=1
[2026-09-17 03:57:44] completed=25/36 pending=10 active_workers=1
[2026-09-17 03:58:44] completed=25/36 pending=10 active_workers=1
[2026-09-17 03:59:44] completed=25/36 pending=10 active_workers=1
[2026-09-17 04:00:44] completed=26/36 pending=9 active_workers=1
[2026-09-17 04:01:44] completed=26/36 pending=9 active_workers=1
[2026-09-17 04:02:44] completed=26/36 pending=9 active_workers=1
[2026-09-17 04:03:44] completed=26/36 pending=9 active_workers=1
[2026-09-17 04:04:44] completed=26/36 pending=9 active_workers=1
[2026-09-17 04:05:44] completed=27/36 pending=8 active_workers=1
[2026-09-17 04:06:44] completed=27/36 pending=8 active_workers=1
[2026-09-17 04:07:44] completed=27/36 pending=8 active_workers=1
[2026-09-17 04:08:44] completed=27/36 pending=8 active_workers=1
[2026-09-17 04:09:44] completed=28/36 pending=7 active_workers=1
[2026-09-17 04:10:44] completed=28/36 pending=7 active_workers=1
[2026-09-17 04:11:44] completed=29/36 pending=6 active_workers=1
[2026-09-17 04:12:44] completed=29/36 pending=6 active_workers=1
[2026-09-17 04:13:44] completed=30/36 pending=5 active_workers=1
[2026-09-17 04:14:44] completed=30/36 pending=5 active_workers=1
[2026-09-17 04:15:44] completed=30/36 pending=5 active_workers=1
[2026-09-17 04:16:44] completed=31/36 pending=4 active_workers=1
[2026-09-17 04:17:44] completed=31/36 pending=4 active_workers=1
[2026-09-17 04:18:44] completed=32/36 pending=3 active_workers=1
[2026-09-17 04:19:44] completed=32/36 pending=3 active_workers=1
[2026-09-17 04:20:44] completed=32/36 pending=3 active_workers=1
[2026-09-17 04:21:44] completed=32/36 pending=3 active_workers=1
[2026-09-17 04:22:44] completed=32/36 pending=3 active_workers=1
[2026-09-17 04:23:45] completed=33/36 pending=2 active_workers=1
[2026-09-17 04:24:45] completed=33/36 pending=2 active_workers=1
[2026-09-17 04:25:45] completed=33/36 pending=2 active_workers=1
[2026-09-17 04:26:45] completed=33/36 pending=2 active_workers=1
[2026-09-17 04:27:45] completed=33/36 pending=2 active_workers=1
[2026-09-17 04:28:45] completed=34/36 pending=1 active_workers=1
[2026-09-17 04:29:45] completed=34/36 pending=1 active_workers=1
[2026-09-17 04:30:45] completed=34/36 pending=1 active_workers=1
[2026-09-17 04:31:45] completed=34/36 pending=1 active_workers=1
[2026-09-17 04:32:45] completed=34/36 pending=1 active_workers=1
[2026-09-17 04:33:45] completed=35/36 pending=0 active_workers=1
[2026-09-17 04:34:45] completed=35/36 pending=0 active_workers=1
[2026-09-17 04:35:45] completed=35/36 pending=0 active_workers=1
[2026-09-17 04:36:45] completed=35/36 pending=0 active_workers=1
[2026-09-17 04:37:45] completed=36/36 pending=0 active_workers=0
All workers exited; generating summary...

=== Evaluation Results Summary ===

Statistics for each task suite:

libero_10:
- Tasks completed: 36
- Total attempts: 36
- Successful attempts: 21
- Success rate: 58.33%
- Total time: 01h55m28s
- Average time per task: 03m12s
- Longest task time: 05m52s
- Average future-video PSNR: 26.4901 dB

Overall statistics:
- Average success rate: 58.33%
- Total time: 01h55m28s
- Average time per task: 03m12s
- Longest task time: 05m52s
- Average future-video PSNR: 26.4901 dB

=== Run Information ===
Run ID: seed_27
Results directory: /data/chenpengxu/FastWAM/evaluate_results/long36_ten_vs_789_20260916_231154_2gpu/ten_guidance_789/seed_27
Summary file: /data/chenpengxu/FastWAM/evaluate_results/long36_ten_vs_789_20260916_231154_2gpu/ten_guidance_789/seed_27/summary.json
Summary CSV: /data/chenpengxu/FastWAM/evaluate_results/long36_ten_vs_789_20260916_231154_2gpu/ten_guidance_789/seed_27/summary.csv
Task success rates CSV: /data/chenpengxu/FastWAM/evaluate_results/long36_ten_vs_789_20260916_231154_2gpu/ten_guidance_789/seed_27/task_success_rates.csv

=== Task Success Rates ===
          Task                                                                                                            Description Success Rate (%) Future Video PSNR (dB)
   libero_10_0                                                                   turn on the stove and put the moka pot on it table 1           100.00                25.9131
   libero_10_2                                                                  turn on the stove and put the moka pot on it table 12             0.00                16.5673
  libero_10_33                                            put the black bowl in the bottom drawer of the cabinet and close it table 1             0.00                22.7883
  libero_10_35                                           put the black bowl in the bottom drawer of the cabinet and close it table 12             0.00                26.5256
 libero_10_137                                              put both the alphabet soup and the cream cheese box in the basket table 1           100.00                24.0938
 libero_10_138                                             put both the alphabet soup and the cream cheese box in the basket table 12           100.00                25.8597
 libero_10_145                                                  put both the alphabet soup and the tomato sauce in the basket table 1           100.00                27.3690
 libero_10_147                                                 put both the alphabet soup and the tomato sauce in the basket table 12           100.00                25.2835
 libero_10_158                                                     put both the cream cheese box and the butter in the basket table 1             0.00                24.4276
 libero_10_160                                                    put both the cream cheese box and the butter in the basket table 12             0.00                25.7971
 libero_10_193                        put the white mug on the left plate and put the yellow and white mug on the right plate table 1             0.00                25.2384
 libero_10_195                       put the white mug on the left plate and put the yellow and white mug on the right plate table 12             0.00                27.7233
 libero_10_289                             put both the alphabet soup and the tomato sauce in the basket view 0 0 100 0 0 initstate 1             0.00                24.3127
 libero_10_290                            put both the alphabet soup and the tomato sauce in the basket view 0 0 100 0 0 initstate 11             0.00                24.3961
 libero_10_330                                put both the cream cheese box and the butter in the basket view 0 0 100 0 0 initstate 2           100.00                28.1692
 libero_10_331                               put both the cream cheese box and the butter in the basket view 0 0 100 0 0 initstate 42           100.00                27.8195
 libero_10_365                                              turn on the stove and put the moka pot on it view 0 0 100 0 0 initstate 3           100.00                24.5756
 libero_10_366                                             turn on the stove and put the moka pot on it view 0 0 100 0 0 initstate 13             0.00                25.0457
 libero_10_410                      put the black bowl in the bottom drawer of the cabinet and close it view 0 0 100 0 0 initstate 14             0.00                25.5399
 libero_10_411                      put the black bowl in the bottom drawer of the cabinet and close it view 0 0 100 0 0 initstate 24             0.00                25.7111
 libero_10_457 put the white mug on the left plate and put the yellow and white mug on the right plate view 0 0 100 0 0 initstate 115             0.00                27.3740
 libero_10_458 put the white mug on the left plate and put the yellow and white mug on the right plate view 0 0 100 0 0 initstate 125             0.00                28.4388
 libero_10_567                         put both the alphabet soup and the cream cheese box in the basket view 0 0 100 0 0 initstate 8           100.00                28.8205
 libero_10_568                        put both the alphabet soup and the cream cheese box in the basket view 0 0 100 0 0 initstate 78           100.00                28.4827
libero_10_1933                                                                    turn on the stove and put the moka pot on it add 14           100.00                26.7393
libero_10_1945                                                                     turn on the stove and put the moka pot on it add 7           100.00                26.5421
libero_10_1959                                             put the black bowl in the bottom drawer of the cabinet and close it add 10           100.00                27.9704
libero_10_1960                                             put the black bowl in the bottom drawer of the cabinet and close it add 11           100.00                28.4422
libero_10_2046                                               put both the alphabet soup and the cream cheese box in the basket add 18           100.00                27.7436
libero_10_2047                                               put both the alphabet soup and the cream cheese box in the basket add 27           100.00                27.3348
libero_10_2059                                                    put both the alphabet soup and the tomato sauce in the basket add 1           100.00                28.4719
libero_10_2060                                                   put both the alphabet soup and the tomato sauce in the basket add 10           100.00                28.4631
libero_10_2093                                                      put both the cream cheese box and the butter in the basket add 10           100.00                27.9359
libero_10_2094                                                      put both the cream cheese box and the butter in the basket add 11           100.00                28.6975
libero_10_2127                          put the white mug on the left plate and put the yellow and white mug on the right plate add 1           100.00                29.5176
libero_10_2128                         put the white mug on the left plate and put the yellow and white mug on the right plate add 10             0.00                29.5132

=== Results Table ===
libero_10 Overall
    58.33   58.33
   192.44  192.44
   352.03  352.03
  26.4901 26.4901
