Using existing task list: /data/chenpengxu/FastWAM/experiments/libero/task_lists/libero_plus_long_8_mixed_perturbations.txt

Starting persistent LIBERO worker pool...
task: libero_uncond_2cam224_1e-4
checkpoint: /data/chenpengxu/FastWAM/checkpoints/fastwam_release/libero_uncond_2cam224.pt
GPUs: 3
trials per task: 1
task list: /data/chenpengxu/FastWAM/evaluate_results/long8_one_jepa_vs_ten_control_20260916_long8_4gpu/one_step_jepa/seed_37/libero_plus_long_8_mixed_perturbations.txt
output: /data/chenpengxu/FastWAM/evaluate_results/long8_one_jepa_vs_ten_control_20260916_long8_4gpu/one_step_jepa/seed_37
forwarded overrides: seed=37 EVALUATION.dataset_stats_path=/data/chenpengxu/FastWAM/checkpoints/fastwam_release/libero_uncond_2cam224_dataset_stats.json EVALUATION.sigma_shift=5.0 EVALUATION.num_inference_steps=1 EVALUATION.replan_steps=8 EVALUATION.visualize_future_video=true EVALUATION.offload_text_encoder=true EVALUATION.timing_enabled=true EVALUATION.vjepa2_ac.enabled=true EVALUATION.vjepa2_ac.candidate_generation_mode=separate EVALUATION.vjepa2_ac.replan_steps=8 EVALUATION.vjepa2_ac.guidance.enabled=true EVALUATION.vjepa2_ac.guidance.last_flow_steps=0 'EVALUATION.vjepa2_ac.guidance.after_flow_steps=[0]' EVALUATION.vjepa2_ac.guidance.step_size=0.02 EVALUATION.vjepa2_ac.guidance.ac_steps=2 EVALUATION.vjepa2_ac.guidance.verify_descent=false
recovery: quarantine a crashed GPU and requeue its unfinished task
started worker GPU3: /data/chenpengxu/FastWAM/evaluate_results/long8_one_jepa_vs_ten_control_20260916_long8_4gpu/one_step_jepa/seed_37/.worker_pool/logs/worker_3.log
[2026-09-16 18:36:56] completed=0/8 pending=8 active_workers=1
[2026-09-16 18:37:56] completed=0/8 pending=8 active_workers=1
[2026-09-16 18:38:56] completed=0/8 pending=8 active_workers=1
[2026-09-16 18:39:56] completed=0/8 pending=7 active_workers=1
[2026-09-16 18:40:56] completed=0/8 pending=7 active_workers=1
[2026-09-16 18:41:56] completed=1/8 pending=6 active_workers=1
[2026-09-16 18:42:56] completed=1/8 pending=6 active_workers=1
[2026-09-16 18:43:56] completed=1/8 pending=6 active_workers=1
[2026-09-16 18:44:56] completed=2/8 pending=5 active_workers=1
[2026-09-16 18:45:56] completed=3/8 pending=4 active_workers=1
[2026-09-16 18:46:56] completed=4/8 pending=3 active_workers=1
[2026-09-16 18:47:56] completed=4/8 pending=3 active_workers=1
[2026-09-16 18:48:56] completed=4/8 pending=3 active_workers=1
[2026-09-16 18:49:56] completed=5/8 pending=2 active_workers=1
[2026-09-16 18:50:56] completed=5/8 pending=2 active_workers=1
[2026-09-16 18:51:56] completed=5/8 pending=2 active_workers=1
[2026-09-16 18:52:56] completed=6/8 pending=1 active_workers=1
[2026-09-16 18:53:56] completed=6/8 pending=1 active_workers=1
[2026-09-16 18:54:56] completed=6/8 pending=1 active_workers=1
[2026-09-16 18:55:56] completed=7/8 pending=0 active_workers=1
[2026-09-16 18:56:56] completed=7/8 pending=0 active_workers=1
[2026-09-16 18:57:56] completed=7/8 pending=0 active_workers=1
All workers exited; generating summary...

=== Evaluation Results Summary ===

Statistics for each task suite:

libero_10:
- Tasks completed: 8
- Total attempts: 8
- Successful attempts: 3
- Success rate: 37.50%
- Total time: 19m28s
- Average time per task: 02m26s
- Longest task time: 03m05s
- Average future-video PSNR: 27.6930 dB

Overall statistics:
- Average success rate: 37.50%
- Total time: 19m28s
- Average time per task: 02m26s
- Longest task time: 03m05s
- Average future-video PSNR: 27.6930 dB

=== Run Information ===
Run ID: seed_37
Results directory: /data/chenpengxu/FastWAM/evaluate_results/long8_one_jepa_vs_ten_control_20260916_long8_4gpu/one_step_jepa/seed_37
Summary file: /data/chenpengxu/FastWAM/evaluate_results/long8_one_jepa_vs_ten_control_20260916_long8_4gpu/one_step_jepa/seed_37/summary.json
Summary CSV: /data/chenpengxu/FastWAM/evaluate_results/long8_one_jepa_vs_ten_control_20260916_long8_4gpu/one_step_jepa/seed_37/summary.csv
Task success rates CSV: /data/chenpengxu/FastWAM/evaluate_results/long8_one_jepa_vs_ten_control_20260916_long8_4gpu/one_step_jepa/seed_37/task_success_rates.csv

=== Task Success Rates ===
          Task                                                                                                            Description Success Rate (%) Future Video PSNR (dB)
 libero_10_145                                                  put both the alphabet soup and the tomato sauce in the basket table 1             0.00                27.7386
 libero_10_158                                                     put both the cream cheese box and the butter in the basket table 1             0.00                25.7958
 libero_10_410                      put the black bowl in the bottom drawer of the cabinet and close it view 0 0 100 0 0 initstate 14           100.00                26.7578
 libero_10_457 put the white mug on the left plate and put the yellow and white mug on the right plate view 0 0 100 0 0 initstate 115             0.00                28.6406
 libero_10_931  put the white mug on the plate and put the chocolate pudding to the right of the plate view 0 0 100 352 4 initstate 0             0.00                31.7979
libero_10_1027                                                         put both moka pots on the stove view 0 0 100 356 4 initstate 0             0.00                25.1923
libero_10_1945                                                                     turn on the stove and put the moka pot on it add 7           100.00                27.7541
libero_10_2046                                               put both the alphabet soup and the cream cheese box in the basket add 18           100.00                27.8666

=== Results Table ===
libero_10 Overall
    37.50   37.50
   146.00  146.00
   185.15  185.15
  27.6930 27.6930
