Using existing task list: /data/chenpengxu/FastWAM/experiments/libero/task_lists/libero_plus_long_8_mixed_perturbations.txt

Starting persistent LIBERO worker pool...
task: libero_uncond_2cam224_1e-4
checkpoint: /data/chenpengxu/FastWAM/checkpoints/fastwam_release/libero_uncond_2cam224.pt
GPUs: 2
trials per task: 1
task list: /data/chenpengxu/FastWAM/evaluate_results/long8_one_jepa_vs_ten_control_20260916_long8_4gpu/one_step_jepa/seed_27/libero_plus_long_8_mixed_perturbations.txt
output: /data/chenpengxu/FastWAM/evaluate_results/long8_one_jepa_vs_ten_control_20260916_long8_4gpu/one_step_jepa/seed_27
forwarded overrides: seed=27 EVALUATION.dataset_stats_path=/data/chenpengxu/FastWAM/checkpoints/fastwam_release/libero_uncond_2cam224_dataset_stats.json EVALUATION.sigma_shift=5.0 EVALUATION.num_inference_steps=1 EVALUATION.replan_steps=8 EVALUATION.visualize_future_video=true EVALUATION.offload_text_encoder=true EVALUATION.timing_enabled=true EVALUATION.vjepa2_ac.enabled=true EVALUATION.vjepa2_ac.candidate_generation_mode=separate EVALUATION.vjepa2_ac.replan_steps=8 EVALUATION.vjepa2_ac.guidance.enabled=true EVALUATION.vjepa2_ac.guidance.last_flow_steps=0 'EVALUATION.vjepa2_ac.guidance.after_flow_steps=[0]' EVALUATION.vjepa2_ac.guidance.step_size=0.02 EVALUATION.vjepa2_ac.guidance.ac_steps=2 EVALUATION.vjepa2_ac.guidance.verify_descent=false
recovery: quarantine a crashed GPU and requeue its unfinished task
started worker GPU2: /data/chenpengxu/FastWAM/evaluate_results/long8_one_jepa_vs_ten_control_20260916_long8_4gpu/one_step_jepa/seed_27/.worker_pool/logs/worker_2.log
[2026-09-16 18:35:25] completed=0/8 pending=8 active_workers=1
[2026-09-16 18:36:25] completed=0/8 pending=8 active_workers=1
[2026-09-16 18:37:25] completed=0/8 pending=8 active_workers=1
[2026-09-16 18:38:25] completed=0/8 pending=8 active_workers=1
[2026-09-16 18:39:25] completed=0/8 pending=7 active_workers=1
[2026-09-16 18:40:25] completed=0/8 pending=7 active_workers=1
[2026-09-16 18:41:25] completed=0/8 pending=7 active_workers=1
[2026-09-16 18:42:25] completed=0/8 pending=7 active_workers=1
[2026-09-16 18:43:25] completed=1/8 pending=6 active_workers=1
[2026-09-16 18:44:25] completed=2/8 pending=5 active_workers=1
[2026-09-16 18:45:25] completed=2/8 pending=5 active_workers=1
[2026-09-16 18:46:25] completed=3/8 pending=4 active_workers=1
[2026-09-16 18:47:25] completed=4/8 pending=3 active_workers=1
[2026-09-16 18:48:25] completed=4/8 pending=3 active_workers=1
[2026-09-16 18:49:25] completed=4/8 pending=3 active_workers=1
[2026-09-16 18:50:25] completed=5/8 pending=2 active_workers=1
[2026-09-16 18:51:25] completed=5/8 pending=2 active_workers=1
[2026-09-16 18:52:25] completed=5/8 pending=2 active_workers=1
[2026-09-16 18:53:25] completed=6/8 pending=1 active_workers=1
[2026-09-16 18:54:25] completed=6/8 pending=1 active_workers=1
[2026-09-16 18:55:25] completed=7/8 pending=0 active_workers=1
[2026-09-16 18:56:25] completed=7/8 pending=0 active_workers=1
[2026-09-16 18:57:25] completed=7/8 pending=0 active_workers=1
All workers exited; generating summary...

=== Evaluation Results Summary ===

Statistics for each task suite:

libero_10:
- Tasks completed: 8
- Total attempts: 8
- Successful attempts: 5
- Success rate: 62.50%
- Total time: 18m47s
- Average time per task: 02m21s
- Longest task time: 04m11s
- Average future-video PSNR: 27.2800 dB

Overall statistics:
- Average success rate: 62.50%
- Total time: 18m47s
- Average time per task: 02m21s
- Longest task time: 04m11s
- Average future-video PSNR: 27.2800 dB

=== Run Information ===
Run ID: seed_27
Results directory: /data/chenpengxu/FastWAM/evaluate_results/long8_one_jepa_vs_ten_control_20260916_long8_4gpu/one_step_jepa/seed_27
Summary file: /data/chenpengxu/FastWAM/evaluate_results/long8_one_jepa_vs_ten_control_20260916_long8_4gpu/one_step_jepa/seed_27/summary.json
Summary CSV: /data/chenpengxu/FastWAM/evaluate_results/long8_one_jepa_vs_ten_control_20260916_long8_4gpu/one_step_jepa/seed_27/summary.csv
Task success rates CSV: /data/chenpengxu/FastWAM/evaluate_results/long8_one_jepa_vs_ten_control_20260916_long8_4gpu/one_step_jepa/seed_27/task_success_rates.csv

=== Task Success Rates ===
          Task                                                                                                            Description Success Rate (%) Future Video PSNR (dB)
 libero_10_145                                                  put both the alphabet soup and the tomato sauce in the basket table 1           100.00                27.9502
 libero_10_158                                                     put both the cream cheese box and the butter in the basket table 1           100.00                25.3504
 libero_10_410                      put the black bowl in the bottom drawer of the cabinet and close it view 0 0 100 0 0 initstate 14             0.00                25.4002
 libero_10_457 put the white mug on the left plate and put the yellow and white mug on the right plate view 0 0 100 0 0 initstate 115           100.00                30.6212
 libero_10_931  put the white mug on the plate and put the chocolate pudding to the right of the plate view 0 0 100 352 4 initstate 0             0.00                29.1587
libero_10_1027                                                         put both moka pots on the stove view 0 0 100 356 4 initstate 0             0.00                24.7652
libero_10_1945                                                                     turn on the stove and put the moka pot on it add 7           100.00                27.2793
libero_10_2046                                               put both the alphabet soup and the cream cheese box in the basket add 18           100.00                27.7149

=== Results Table ===
libero_10 Overall
    62.50   62.50
   140.89  140.89
   250.75  250.75
  27.2800 27.2800
