Using existing task list: /data/chenpengxu/FastWAM/experiments/libero/task_lists/libero_plus_long_robot_init_core3.txt

Starting persistent LIBERO worker pool...
task: libero_uncond_2cam224_1e-4
checkpoint: /data/chenpengxu/FastWAM/checkpoints/fastwam_release/libero_uncond_2cam224.pt
GPUs: 3
trials per task: 1
task list: /data/chenpengxu/FastWAM/evaluate_results/jepa_guidance_steps789_ac2_long_core3_20260915_192558/seed_37/libero_plus_long_robot_init_core3.txt
output: /data/chenpengxu/FastWAM/evaluate_results/jepa_guidance_steps789_ac2_long_core3_20260915_192558/seed_37
forwarded overrides: seed=37 EVALUATION.dataset_stats_path=/data/chenpengxu/FastWAM/checkpoints/fastwam_release/libero_uncond_2cam224_dataset_stats.json EVALUATION.sigma_shift=5.0 EVALUATION.replan_steps=8 EVALUATION.visualize_future_video=true EVALUATION.offload_text_encoder=true EVALUATION.timing_enabled=true EVALUATION.vjepa2_ac.enabled=true EVALUATION.vjepa2_ac.candidate_generation_mode=separate EVALUATION.vjepa2_ac.guidance.enabled=true EVALUATION.vjepa2_ac.guidance.last_flow_steps=3 EVALUATION.vjepa2_ac.guidance.step_size=0.02 EVALUATION.vjepa2_ac.guidance.ac_steps=2 EVALUATION.vjepa2_ac.guidance.verify_descent=false
recovery: quarantine a crashed GPU and requeue its unfinished task
started worker GPU3: /data/chenpengxu/FastWAM/evaluate_results/jepa_guidance_steps789_ac2_long_core3_20260915_192558/seed_37/.worker_pool/logs/worker_3.log
[2026-09-15 19:28:59] completed=0/3 pending=3 active_workers=1
[2026-09-15 19:29:59] completed=0/3 pending=3 active_workers=1
[2026-09-15 19:30:59] completed=0/3 pending=3 active_workers=1
[2026-09-15 19:31:59] completed=0/3 pending=2 active_workers=1
[2026-09-15 19:32:59] completed=0/3 pending=2 active_workers=1
[2026-09-15 19:33:59] completed=0/3 pending=2 active_workers=1
[2026-09-15 19:34:59] completed=0/3 pending=2 active_workers=1
[2026-09-15 19:35:59] completed=0/3 pending=2 active_workers=1
[2026-09-15 19:36:59] completed=1/3 pending=1 active_workers=1
[2026-09-15 19:37:59] completed=1/3 pending=1 active_workers=1
[2026-09-15 19:38:59] completed=1/3 pending=1 active_workers=1
[2026-09-15 19:39:59] completed=1/3 pending=1 active_workers=1
[2026-09-15 19:40:59] completed=1/3 pending=1 active_workers=1
[2026-09-15 19:41:59] completed=2/3 pending=0 active_workers=1
[2026-09-15 19:42:59] completed=2/3 pending=0 active_workers=1
All workers exited; generating summary...

=== Evaluation Results Summary ===

Statistics for each task suite:

libero_10:
- Tasks completed: 3
- Total attempts: 3
- Successful attempts: 2
- Success rate: 66.67%
- Total time: 12m08s
- Average time per task: 04m03s
- Longest task time: 05m18s
- Average future-video PSNR: 27.6381 dB

Overall statistics:
- Average success rate: 66.67%
- Total time: 12m08s
- Average time per task: 04m03s
- Longest task time: 05m18s
- Average future-video PSNR: 27.6381 dB

=== Run Information ===
Run ID: seed_37
Results directory: /data/chenpengxu/FastWAM/evaluate_results/jepa_guidance_steps789_ac2_long_core3_20260915_192558/seed_37
Summary file: /data/chenpengxu/FastWAM/evaluate_results/jepa_guidance_steps789_ac2_long_core3_20260915_192558/seed_37/summary.json
Summary CSV: /data/chenpengxu/FastWAM/evaluate_results/jepa_guidance_steps789_ac2_long_core3_20260915_192558/seed_37/summary.csv
Task success rates CSV: /data/chenpengxu/FastWAM/evaluate_results/jepa_guidance_steps789_ac2_long_core3_20260915_192558/seed_37/task_success_rates.csv

=== Task Success Rates ===
         Task                                                                                                            Description Success Rate (%) Future Video PSNR (dB)
libero_10_410                      put the black bowl in the bottom drawer of the cabinet and close it view 0 0 100 0 0 initstate 14           100.00                25.5157
libero_10_457 put the white mug on the left plate and put the yellow and white mug on the right plate view 0 0 100 0 0 initstate 115           100.00                30.4886
libero_10_662                              put the yellow and white mug in the microwave and close it view 0 0 100 0 0 initstate 310             0.00                26.9099

=== Results Table ===
libero_10 Overall
    66.67   66.67
   242.59  242.59
   318.44  318.44
  27.6381 27.6381
