Using existing task list: /data/chenpengxu/FastWAM/experiments/libero/task_lists/libero_plus_long_robot_init_core3.txt

Starting persistent LIBERO worker pool...
task: libero_uncond_2cam224_1e-4
checkpoint: /data/chenpengxu/FastWAM/checkpoints/fastwam_release/libero_uncond_2cam224.pt
GPUs: 1
trials per task: 1
task list: /data/chenpengxu/FastWAM/evaluate_results/jepa_guidance_steps789_ac2_long_core3_20260915_192558/seed_17/libero_plus_long_robot_init_core3.txt
output: /data/chenpengxu/FastWAM/evaluate_results/jepa_guidance_steps789_ac2_long_core3_20260915_192558/seed_17
forwarded overrides: seed=17 EVALUATION.dataset_stats_path=/data/chenpengxu/FastWAM/checkpoints/fastwam_release/libero_uncond_2cam224_dataset_stats.json EVALUATION.sigma_shift=5.0 EVALUATION.replan_steps=8 EVALUATION.visualize_future_video=true EVALUATION.offload_text_encoder=true EVALUATION.timing_enabled=true EVALUATION.vjepa2_ac.enabled=true EVALUATION.vjepa2_ac.candidate_generation_mode=separate EVALUATION.vjepa2_ac.guidance.enabled=true EVALUATION.vjepa2_ac.guidance.last_flow_steps=3 EVALUATION.vjepa2_ac.guidance.step_size=0.02 EVALUATION.vjepa2_ac.guidance.ac_steps=2 EVALUATION.vjepa2_ac.guidance.verify_descent=false
recovery: quarantine a crashed GPU and requeue its unfinished task
started worker GPU1: /data/chenpengxu/FastWAM/evaluate_results/jepa_guidance_steps789_ac2_long_core3_20260915_192558/seed_17/.worker_pool/logs/worker_1.log
[2026-09-15 19:26:54] completed=0/3 pending=3 active_workers=1
[2026-09-15 19:27:54] completed=0/3 pending=3 active_workers=1
[2026-09-15 19:28:54] completed=0/3 pending=3 active_workers=1
[2026-09-15 19:29:54] completed=0/3 pending=2 active_workers=1
[2026-09-15 19:30:54] completed=0/3 pending=2 active_workers=1
[2026-09-15 19:31:54] completed=0/3 pending=2 active_workers=1
[2026-09-15 19:32:54] completed=0/3 pending=2 active_workers=1
[2026-09-15 19:33:54] completed=0/3 pending=2 active_workers=1
[2026-09-15 19:34:54] completed=0/3 pending=2 active_workers=1
[2026-09-15 19:35:54] completed=1/3 pending=1 active_workers=1
[2026-09-15 19:36:54] completed=1/3 pending=1 active_workers=1
[2026-09-15 19:37:54] completed=1/3 pending=1 active_workers=1
[2026-09-15 19:38:54] completed=1/3 pending=1 active_workers=1
[2026-09-15 19:39:54] completed=1/3 pending=1 active_workers=1
[2026-09-15 19:40:54] completed=2/3 pending=0 active_workers=1
[2026-09-15 19:41:54] completed=2/3 pending=0 active_workers=1
[2026-09-15 19:42:54] completed=2/3 pending=0 active_workers=1
[2026-09-15 19:43:54] completed=2/3 pending=0 active_workers=1
[2026-09-15 19:44:54] completed=2/3 pending=0 active_workers=1
[2026-09-15 19:45:54] completed=2/3 pending=0 active_workers=1
All workers exited; generating summary...

=== Evaluation Results Summary ===

Statistics for each task suite:

libero_10:
- Tasks completed: 3
- Total attempts: 3
- Successful attempts: 0
- Success rate: 0.00%
- Total time: 17m00s
- Average time per task: 05m40s
- Longest task time: 06m40s
- Average future-video PSNR: 26.9308 dB

Overall statistics:
- Average success rate: 0.00%
- Total time: 17m00s
- Average time per task: 05m40s
- Longest task time: 06m40s
- Average future-video PSNR: 26.9308 dB

=== Run Information ===
Run ID: seed_17
Results directory: /data/chenpengxu/FastWAM/evaluate_results/jepa_guidance_steps789_ac2_long_core3_20260915_192558/seed_17
Summary file: /data/chenpengxu/FastWAM/evaluate_results/jepa_guidance_steps789_ac2_long_core3_20260915_192558/seed_17/summary.json
Summary CSV: /data/chenpengxu/FastWAM/evaluate_results/jepa_guidance_steps789_ac2_long_core3_20260915_192558/seed_17/summary.csv
Task success rates CSV: /data/chenpengxu/FastWAM/evaluate_results/jepa_guidance_steps789_ac2_long_core3_20260915_192558/seed_17/task_success_rates.csv

=== Task Success Rates ===
         Task                                                                                                            Description Success Rate (%) Future Video PSNR (dB)
libero_10_410                      put the black bowl in the bottom drawer of the cabinet and close it view 0 0 100 0 0 initstate 14             0.00                26.5631
libero_10_457 put the white mug on the left plate and put the yellow and white mug on the right plate view 0 0 100 0 0 initstate 115             0.00                27.7673
libero_10_662                              put the yellow and white mug in the microwave and close it view 0 0 100 0 0 initstate 310             0.00                26.4621

=== Results Table ===
libero_10 Overall
     0.00    0.00
   340.11  340.11
   399.72  399.72
  26.9308 26.9308
