Using existing task list: /data/chenpengxu/FastWAM/experiments/libero/task_lists/libero_plus_long_robot_init_core3.txt

Starting persistent LIBERO worker pool...
task: libero_uncond_2cam224_1e-4
checkpoint: /data/chenpengxu/FastWAM/checkpoints/fastwam_release/libero_uncond_2cam224.pt
GPUs: 0
trials per task: 1
task list: /data/chenpengxu/FastWAM/evaluate_results/jepa_guidance_boundary_compare_long_core3_20260916_1420/one_denoise_then_jepa/seed_7/libero_plus_long_robot_init_core3.txt
output: /data/chenpengxu/FastWAM/evaluate_results/jepa_guidance_boundary_compare_long_core3_20260916_1420/one_denoise_then_jepa/seed_7
forwarded overrides: seed=7 EVALUATION.dataset_stats_path=/data/chenpengxu/FastWAM/checkpoints/fastwam_release/libero_uncond_2cam224_dataset_stats.json EVALUATION.sigma_shift=5.0 EVALUATION.num_inference_steps=1 EVALUATION.replan_steps=8 EVALUATION.visualize_future_video=true EVALUATION.offload_text_encoder=true EVALUATION.timing_enabled=true EVALUATION.vjepa2_ac.enabled=true EVALUATION.vjepa2_ac.candidate_generation_mode=separate EVALUATION.vjepa2_ac.guidance.enabled=true EVALUATION.vjepa2_ac.guidance.last_flow_steps=0 'EVALUATION.vjepa2_ac.guidance.after_flow_steps=[0]' EVALUATION.vjepa2_ac.guidance.step_size=0.02 EVALUATION.vjepa2_ac.guidance.ac_steps=2 EVALUATION.vjepa2_ac.guidance.verify_descent=false
recovery: quarantine a crashed GPU and requeue its unfinished task
started worker GPU0: /data/chenpengxu/FastWAM/evaluate_results/jepa_guidance_boundary_compare_long_core3_20260916_1420/one_denoise_then_jepa/seed_7/.worker_pool/logs/worker_0.log
[2026-09-16 14:44:23] completed=0/3 pending=3 active_workers=1
[2026-09-16 14:45:23] completed=0/3 pending=3 active_workers=1
[2026-09-16 14:46:23] completed=0/3 pending=3 active_workers=1
[2026-09-16 14:47:24] completed=0/3 pending=3 active_workers=1
[2026-09-16 14:48:24] completed=0/3 pending=3 active_workers=1
[2026-09-16 14:49:24] completed=0/3 pending=2 active_workers=1
[2026-09-16 14:50:24] completed=0/3 pending=2 active_workers=1
[2026-09-16 14:51:24] completed=0/3 pending=2 active_workers=1
[2026-09-16 14:52:24] completed=0/3 pending=2 active_workers=1
[2026-09-16 14:53:25] completed=0/3 pending=2 active_workers=1
[2026-09-16 14:54:25] completed=1/3 pending=1 active_workers=1
[2026-09-16 14:55:25] completed=1/3 pending=1 active_workers=1
[2026-09-16 14:56:25] completed=1/3 pending=1 active_workers=1
[2026-09-16 14:57:25] completed=2/3 pending=0 active_workers=1
All workers exited; generating summary...

=== Evaluation Results Summary ===

Statistics for each task suite:

libero_10:
- Tasks completed: 3
- Total attempts: 3
- Successful attempts: 2
- Success rate: 66.67%
- Total time: 09m06s
- Average time per task: 03m02s
- Longest task time: 05m04s
- Average future-video PSNR: 27.7570 dB

Overall statistics:
- Average success rate: 66.67%
- Total time: 09m06s
- Average time per task: 03m02s
- Longest task time: 05m04s
- Average future-video PSNR: 27.7570 dB

=== Run Information ===
Run ID: seed_7
Results directory: /data/chenpengxu/FastWAM/evaluate_results/jepa_guidance_boundary_compare_long_core3_20260916_1420/one_denoise_then_jepa/seed_7
Summary file: /data/chenpengxu/FastWAM/evaluate_results/jepa_guidance_boundary_compare_long_core3_20260916_1420/one_denoise_then_jepa/seed_7/summary.json
Summary CSV: /data/chenpengxu/FastWAM/evaluate_results/jepa_guidance_boundary_compare_long_core3_20260916_1420/one_denoise_then_jepa/seed_7/summary.csv
Task success rates CSV: /data/chenpengxu/FastWAM/evaluate_results/jepa_guidance_boundary_compare_long_core3_20260916_1420/one_denoise_then_jepa/seed_7/task_success_rates.csv

=== Task Success Rates ===
         Task                                                                                                            Description Success Rate (%) Future Video PSNR (dB)
libero_10_410                      put the black bowl in the bottom drawer of the cabinet and close it view 0 0 100 0 0 initstate 14           100.00                27.3442
libero_10_457 put the white mug on the left plate and put the yellow and white mug on the right plate view 0 0 100 0 0 initstate 115           100.00                30.5449
libero_10_662                              put the yellow and white mug in the microwave and close it view 0 0 100 0 0 initstate 310             0.00                25.3821

=== Results Table ===
libero_10 Overall
    66.67   66.67
   181.98  181.98
   304.04  304.04
  27.7570 27.7570
