[robosuite WARNING] No private macro file found! (macros.py:53)
[robosuite WARNING] It is recommended to use a private macro file (macros.py:54)
[robosuite WARNING] To setup, run: python /data/chenpengxu/jepa_wam_py312/robosuite/scripts/setup_macros.py (macros.py:55)
Traceback (most recent call last):
  File "<stdin>", line 3, in <module>
  File "/data/chenpengxu/LIBERO-plus/libero/libero/benchmark/__init__.py", line 11, in <module>
    import libero.libero.envs.bddl_utils as BDDLUtils
  File "/data/chenpengxu/LIBERO-plus/libero/libero/envs/__init__.py", line 1, in <module>
    from .bddl_base_domain import TASK_MAPPING
  File "/data/chenpengxu/LIBERO-plus/libero/libero/envs/bddl_base_domain.py", line 3, in <module>
    import robosuite.utils.transform_utils as T
  File "/data/chenpengxu/jepa_wam_py312/robosuite/__init__.py", line 1, in <module>
    from robosuite.environments.base import make
  File "/data/chenpengxu/jepa_wam_py312/robosuite/environments/__init__.py", line 1, in <module>
    from .base import REGISTERED_ENVS, MujocoEnv
  File "/data/chenpengxu/jepa_wam_py312/robosuite/environments/base.py", line 12, in <module>
    from robosuite.utils.binding_utils import MjRenderContextOffscreen, MjSim
  File "/data/chenpengxu/jepa_wam_py312/robosuite/utils/binding_utils.py", line 33, in <module>
    assert MUJOCO_EGL_DEVICE_ID.isdigit() and (
           ^^^^^^^^^^^^^^^^^^^^^^^^^^^^^^^^^^^^
AssertionError: MUJOCO_EGL_DEVICE_ID needs to be set to one of the device id specified in CUDA_VISIBLE_DEVICES
