Using existing task list: /data/chenpengxu/FastWAM/experiments/libero/task_lists/libero_plus_long_robot_init_core3.txt

Starting persistent LIBERO worker pool...
task: libero_uncond_2cam224_1e-4
checkpoint: /data/chenpengxu/FastWAM/checkpoints/fastwam_release/libero_uncond_2cam224.pt
GPUs: 2
trials per task: 1
task list: /data/chenpengxu/FastWAM/evaluate_results/one_denoise_no_jepa_long_core3_20260916_one_denoise_no_jepa/seed_27/libero_plus_long_robot_init_core3.txt
output: /data/chenpengxu/FastWAM/evaluate_results/one_denoise_no_jepa_long_core3_20260916_one_denoise_no_jepa/seed_27
forwarded overrides: seed=27 EVALUATION.dataset_stats_path=/data/chenpengxu/FastWAM/checkpoints/fastwam_release/libero_uncond_2cam224_dataset_stats.json EVALUATION.sigma_shift=5.0 EVALUATION.num_inference_steps=1 EVALUATION.replan_steps=8 EVALUATION.visualize_future_video=true EVALUATION.offload_text_encoder=true EVALUATION.timing_enabled=true EVALUATION.vjepa2_ac.enabled=false EVALUATION.vjepa2_ac.candidate_generation_mode=separate EVALUATION.vjepa2_ac.guidance.enabled=false
recovery: quarantine a crashed GPU and requeue its unfinished task
started worker GPU2: /data/chenpengxu/FastWAM/evaluate_results/one_denoise_no_jepa_long_core3_20260916_one_denoise_no_jepa/seed_27/.worker_pool/logs/worker_2.log
[2026-09-16 16:48:20] completed=0/3 pending=3 active_workers=1
[2026-09-16 16:49:20] completed=0/3 pending=3 active_workers=1
[2026-09-16 16:50:20] completed=0/3 pending=3 active_workers=1
[2026-09-16 16:51:20] completed=0/3 pending=3 active_workers=1
[2026-09-16 16:52:20] completed=0/3 pending=3 active_workers=1
[2026-09-16 16:53:20] completed=0/3 pending=3 active_workers=1
[2026-09-16 16:54:20] completed=0/3 pending=3 active_workers=1
[2026-09-16 16:55:20] completed=0/3 pending=3 active_workers=1
[2026-09-16 16:56:20] completed=0/3 pending=2 active_workers=1
[2026-09-16 16:57:20] completed=0/3 pending=2 active_workers=1
[2026-09-16 16:58:20] completed=0/3 pending=2 active_workers=1
[2026-09-16 16:59:20] completed=1/3 pending=1 active_workers=1
[2026-09-16 17:00:20] completed=2/3 pending=0 active_workers=1
[2026-09-16 17:01:20] completed=2/3 pending=0 active_workers=1
All workers exited; generating summary...

=== Evaluation Results Summary ===

Statistics for each task suite:

libero_10:
- Tasks completed: 3
- Total attempts: 3
- Successful attempts: 0
- Success rate: 0.00%
- Total time: 06m24s
- Average time per task: 02m08s
- Longest task time: 03m11s
- Average future-video PSNR: 27.1000 dB

Overall statistics:
- Average success rate: 0.00%
- Total time: 06m24s
- Average time per task: 02m08s
- Longest task time: 03m11s
- Average future-video PSNR: 27.1000 dB

=== Run Information ===
Run ID: seed_27
Results directory: /data/chenpengxu/FastWAM/evaluate_results/one_denoise_no_jepa_long_core3_20260916_one_denoise_no_jepa/seed_27
Summary file: /data/chenpengxu/FastWAM/evaluate_results/one_denoise_no_jepa_long_core3_20260916_one_denoise_no_jepa/seed_27/summary.json
Summary CSV: /data/chenpengxu/FastWAM/evaluate_results/one_denoise_no_jepa_long_core3_20260916_one_denoise_no_jepa/seed_27/summary.csv
Task success rates CSV: /data/chenpengxu/FastWAM/evaluate_results/one_denoise_no_jepa_long_core3_20260916_one_denoise_no_jepa/seed_27/task_success_rates.csv

=== Task Success Rates ===
         Task                                                                                                            Description Success Rate (%) Future Video PSNR (dB)
libero_10_410                      put the black bowl in the bottom drawer of the cabinet and close it view 0 0 100 0 0 initstate 14             0.00                25.2662
libero_10_457 put the white mug on the left plate and put the yellow and white mug on the right plate view 0 0 100 0 0 initstate 115             0.00                29.7093
libero_10_662                              put the yellow and white mug in the microwave and close it view 0 0 100 0 0 initstate 310             0.00                26.3246

=== Results Table ===
libero_10 Overall
     0.00    0.00
   128.15  128.15
   191.13  191.13
  27.1000 27.1000
